<html>
<body>
<pre>
<h1>µVision Build Log</h1>
<h2>Tool Versions:</h2>
IDE-Version: ¦ÌVision V5.34.0.0
Copyright (C) 2021 ARM Ltd and ARM Germany GmbH. All rights reserved.
License Information: 11 111, 11, LIC=GMZI6-DP7J7-II55V-PLSSL-6UJX5-YE4T9
 
Tool Versions:
Toolchain:       MDK-ARM Plus  Version: 5.34.0.0
Toolchain Path:  D:\keil5\ARM\ARMCC\Bin
C Compiler:      Armcc.exe V5.06 update 7 (build 960)
Assembler:       Armasm.exe V5.06 update 7 (build 960)
Linker/Locator:  ArmLink.exe V5.06 update 7 (build 960)
Library Manager: ArmAr.exe V5.06 update 7 (build 960)
Hex Converter:   FromElf.exe V5.06 update 7 (build 960)
CPU DLL:         SARMCM3.DLL V5.34.0.0
Dialog DLL:      DCM.DLL V1.17.3.0
Target DLL:      STLink\ST-LINKIII-KEIL_SWO.dll V3.0.8.0
Dialog DLL:      TCM.DLL V1.48.0.0
 
<h2>Project:</h2>
E:\WeChat\WeChat Files\wxid_eekxin26orox22\FileStorage\File\2024-04\HZU_sentry_c(new)qiangguang(gouyong)\HZU_sentry_c(new)qiangguang(1)\MDK-ARM\HZU_sentry_c.uvprojx
Project File Date:  04/28/2024

<h2>Output:</h2>
*** Using Compiler 'V5.06 update 7 (build 960)', folder: 'D:\keil5\ARM\ARMCC\Bin'
Build target 'HZU_sentry_c'
compiling gpio.c...
compiling freertos.c...
compiling dma.c...
compiling main.c...
compiling can.c...
compiling i2c.c...
compiling stm32f4xx_it.c...
compiling tim.c...
compiling spi.c...
compiling usart.c...
../Core/Src/usart.c(441): warning:  #550-D: variable "i"  was set but never used
  		static uint32_t i;
../Core/Src/usart.c: 1 warning, 0 errors
compiling delay.c...
compiling sys.c...
compiling can1_app.c...
compiling remote_app.c...
compiling stm32f4xx_hal_msp.c...
compiling can2_app.c...
compiling rule.c...
compiling pid.c...
compiling BMI088driver.c...
compiling SortAver_Filter.c...
compiling cali_task.c...
compiling ist8310driver_middleware.c...
compiling gimbal_task.c...
..\User\Task\gimbal_task.c(535): warning:  #1035-D: single-precision operand implicitly converted to double-precision
    tt+=0.07;
..\User\Task\gimbal_task.c: 1 warning, 0 errors
compiling BMI088Middleware.c...
compiling connect_task.c...
compiling INS_task.c...
compiling monitor_task.c...
compiling shoot_task.c...
compiling test_task.c...
compiling start_task.c...
compiling adjust_task.c...
adjust_task.h(8): warning:  #1-D: last line of file ends without a newline
  #endif
adjust_task.c(90): warning:  #1-D: last line of file ends without a newline
  }
adjust_task.c: 2 warnings, 0 errors
linking...
Program Size: Code=77544 RO-data=3648 RW-data=1304 ZI-data=33544  
FromELF: creating hex file...
".\HZU_sentry_c\HZU_sentry_c.axf" - 0 Error(s), 4 Warning(s).

<h2>Software Packages used:</h2>

Package Vendor: ARM
                http://www.keil.com/pack/ARM.CMSIS.5.7.0.pack
                ARM.CMSIS.5.7.0
                CMSIS (Cortex Microcontroller Software Interface Standard)
   * Component: CORE Version: 5.4.0

Package Vendor: Keil
                http://www.keil.com/pack/Keil.STM32F4xx_DFP.2.16.0.pack
                Keil.STM32F4xx_DFP.2.16.0
                STMicroelectronics STM32F4 Series Device Support, Drivers and Examples

<h2>Collection of Component include folders:</h2>
  .\RTE\_HZU_sentry_c
  D:\keil5\ARM\PACK\ARM\CMSIS\5.7.0\CMSIS\Core\Include
  D:\keil5\ARM\PACK\Keil\STM32F4xx_DFP\2.16.0\Drivers\CMSIS\Device\ST\STM32F4xx\Include

<h2>Collection of Component Files used:</h2>

   * Component: ARM::CMSIS:CORE:5.4.0
      Include file:  CMSIS\Core\Include\tz_context.h
Build Time Elapsed:  00:00:31
</pre>
</body>
</html>
