Component: ARM Compiler 5.06 update 7 (build 960) Tool: armlink [4d3601]

==============================================================================

Section Cross References

    startup_stm32f407xx.o(STACK) refers (Special) to heapauxi.o(.text) for __use_two_region_memory
    startup_stm32f407xx.o(HEAP) refers (Special) to heapauxi.o(.text) for __use_two_region_memory
    startup_stm32f407xx.o(RESET) refers (Special) to heapauxi.o(.text) for __use_two_region_memory
    startup_stm32f407xx.o(RESET) refers to startup_stm32f407xx.o(STACK) for __initial_sp
    startup_stm32f407xx.o(RESET) refers to startup_stm32f407xx.o(.text) for Reset_Handler
    startup_stm32f407xx.o(RESET) refers to stm32f4xx_it.o(i.NMI_Handler) for NMI_Handler
    startup_stm32f407xx.o(RESET) refers to stm32f4xx_it.o(i.HardFault_Handler) for HardFault_Handler
    startup_stm32f407xx.o(RESET) refers to stm32f4xx_it.o(i.MemManage_Handler) for MemManage_Handler
    startup_stm32f407xx.o(RESET) refers to stm32f4xx_it.o(i.BusFault_Handler) for BusFault_Handler
    startup_stm32f407xx.o(RESET) refers to stm32f4xx_it.o(i.UsageFault_Handler) for UsageFault_Handler
    startup_stm32f407xx.o(RESET) refers to port.o(.emb_text) for SVC_Handler
    startup_stm32f407xx.o(RESET) refers to stm32f4xx_it.o(i.DebugMon_Handler) for DebugMon_Handler
    startup_stm32f407xx.o(RESET) refers to cmsis_os2.o(i.SysTick_Handler) for SysTick_Handler
    startup_stm32f407xx.o(RESET) refers to stm32f4xx_it.o(i.EXTI0_IRQHandler) for EXTI0_IRQHandler
    startup_stm32f407xx.o(RESET) refers to stm32f4xx_it.o(i.EXTI3_IRQHandler) for EXTI3_IRQHandler
    startup_stm32f407xx.o(RESET) refers to stm32f4xx_it.o(i.EXTI4_IRQHandler) for EXTI4_IRQHandler
    startup_stm32f407xx.o(RESET) refers to stm32f4xx_it.o(i.DMA1_Stream1_IRQHandler) for DMA1_Stream1_IRQHandler
    startup_stm32f407xx.o(RESET) refers to stm32f4xx_it.o(i.CAN1_RX0_IRQHandler) for CAN1_RX0_IRQHandler
    startup_stm32f407xx.o(RESET) refers to stm32f4xx_it.o(i.EXTI9_5_IRQHandler) for EXTI9_5_IRQHandler
    startup_stm32f407xx.o(RESET) refers to stm32f4xx_it.o(i.TIM2_IRQHandler) for TIM2_IRQHandler
    startup_stm32f407xx.o(RESET) refers to stm32f4xx_it.o(i.TIM3_IRQHandler) for TIM3_IRQHandler
    startup_stm32f407xx.o(RESET) refers to stm32f4xx_it.o(i.USART1_IRQHandler) for USART1_IRQHandler
    startup_stm32f407xx.o(RESET) refers to ins_task.o(i.DMA2_Stream2_IRQHandler) for DMA2_Stream2_IRQHandler
    startup_stm32f407xx.o(RESET) refers to stm32f4xx_it.o(i.DMA2_Stream3_IRQHandler) for DMA2_Stream3_IRQHandler
    startup_stm32f407xx.o(RESET) refers to stm32f4xx_it.o(i.CAN2_TX_IRQHandler) for CAN2_TX_IRQHandler
    startup_stm32f407xx.o(RESET) refers to stm32f4xx_it.o(i.CAN2_RX0_IRQHandler) for CAN2_RX0_IRQHandler
    startup_stm32f407xx.o(RESET) refers to stm32f4xx_it.o(i.DMA2_Stream5_IRQHandler) for DMA2_Stream5_IRQHandler
    startup_stm32f407xx.o(RESET) refers to stm32f4xx_it.o(i.DMA2_Stream7_IRQHandler) for DMA2_Stream7_IRQHandler
    startup_stm32f407xx.o(RESET) refers to stm32f4xx_it.o(i.USART6_IRQHandler) for USART6_IRQHandler
    startup_stm32f407xx.o(.text) refers (Special) to heapauxi.o(.text) for __use_two_region_memory
    startup_stm32f407xx.o(.text) refers to system_stm32f4xx.o(i.SystemInit) for SystemInit
    startup_stm32f407xx.o(.text) refers to __main.o(!!!main) for __main
    startup_stm32f407xx.o(.text) refers to startup_stm32f407xx.o(HEAP) for Heap_Mem
    startup_stm32f407xx.o(.text) refers to startup_stm32f407xx.o(STACK) for Stack_Mem
    main.o(i.HAL_TIM_PeriodElapsedCallback) refers to stm32f4xx_hal.o(i.HAL_IncTick) for HAL_IncTick
    main.o(i.HAL_TIM_PeriodElapsedCallback) refers to main.o(.data) for value
    main.o(i.SystemClock_Config) refers to rt_memclr_w.o(.text) for __aeabi_memclr4
    main.o(i.SystemClock_Config) refers to stm32f4xx_hal_rcc.o(i.HAL_RCC_OscConfig) for HAL_RCC_OscConfig
    main.o(i.SystemClock_Config) refers to main.o(i.Error_Handler) for Error_Handler
    main.o(i.SystemClock_Config) refers to stm32f4xx_hal_rcc.o(i.HAL_RCC_ClockConfig) for HAL_RCC_ClockConfig
    main.o(i.main) refers to stm32f4xx_hal.o(i.HAL_Init) for HAL_Init
    main.o(i.main) refers to main.o(i.SystemClock_Config) for SystemClock_Config
    main.o(i.main) refers to delay.o(i.delay_init) for delay_init
    main.o(i.main) refers to delay.o(i.delay_ms) for delay_ms
    main.o(i.main) refers to gpio.o(i.MX_GPIO_Init) for MX_GPIO_Init
    main.o(i.main) refers to dma.o(i.MX_DMA_Init) for MX_DMA_Init
    main.o(i.main) refers to usart.o(i.MX_USART3_UART_Init) for MX_USART3_UART_Init
    main.o(i.main) refers to usart.o(i.MX_USART1_UART_Init) for MX_USART1_UART_Init
    main.o(i.main) refers to can.o(i.MX_CAN1_Init) for MX_CAN1_Init
    main.o(i.main) refers to can.o(i.MX_CAN2_Init) for MX_CAN2_Init
    main.o(i.main) refers to i2c.o(i.MX_I2C3_Init) for MX_I2C3_Init
    main.o(i.main) refers to spi.o(i.MX_SPI1_Init) for MX_SPI1_Init
[...]
    vision_flag                              0x20000370   Data           1  gimbal_task.o(.data)
    rotate_break_flag                        0x20000371   Data           1  gimbal_task.o(.data)
    gimbal_deduce                            0x20000372   Data           1  gimbal_task.o(.data)
    get_target                               0x20000373   Data           1  gimbal_task.o(.data)
    vision_control                           0x20000374   Data           1  gimbal_task.o(.data)
    rotate_deduce                            0x20000375   Data           1  gimbal_task.o(.data)
    left_num                                 0x20000376   Data           1  gimbal_task.o(.data)
    right_num                                0x20000377   Data           1  gimbal_task.o(.data)
    enemy_rotate                             0x20000378   Data           1  gimbal_task.o(.data)
    break_time                               0x2000037c   Data           4  gimbal_task.o(.data)
    break_num                                0x20000380   Data           4  gimbal_task.o(.data)
    rotate_speed_angle                       0x20000384   Data           4  gimbal_task.o(.data)
    first_rotate                             0x20000388   Data           1  gimbal_task.o(.data)
    gyro_dma_rx_buf                          0x20000390   Data           8  ins_task.o(.data)
    gyro_dma_tx_buf                          0x20000398   Data           8  ins_task.o(.data)
    accel_dma_tx_buf                         0x200003a0   Data           9  ins_task.o(.data)
    accel_temp_dma_rx_buf                    0x200003a9   Data           4  ins_task.o(.data)
    accel_temp_dma_tx_buf                    0x200003ad   Data           4  ins_task.o(.data)
    gyro_update_flag                         0x200003b1   Data           1  ins_task.o(.data)
    accel_update_flag                        0x200003b2   Data           1  ins_task.o(.data)
    accel_temp_update_flag                   0x200003b3   Data           1  ins_task.o(.data)
    mag_update_flag                          0x200003b4   Data           1  ins_task.o(.data)
    imu_start_dma_flag                       0x200003b5   Data           1  ins_task.o(.data)
    gyro_scale_factor                        0x200003b8   Data          36  ins_task.o(.data)
    accel_scale_factor                       0x200003dc   Data          36  ins_task.o(.data)
    mag_scale_factor                         0x20000400   Data          36  ins_task.o(.data)
    yaw_temp                                 0x20000428   Data           4  ins_task.o(.data)
    pitch_temp                               0x2000042c   Data           4  ins_task.o(.data)
    roll_temp                                0x20000430   Data           4  ins_task.o(.data)
    last_yaw_temp                            0x20000434   Data           4  ins_task.o(.data)
    last_pitch_temp                          0x20000438   Data           4  ins_task.o(.data)
    last_roll_temp                           0x2000043c   Data           4  ins_task.o(.data)
    yaw_cnt                                  0x20000440   Data           4  ins_task.o(.data)
    pitch_cnt                                0x20000444   Data           4  ins_task.o(.data)
    roll_cnt                                 0x20000448   Data           4  ins_task.o(.data)
    monitor                                  0x20000454   Data         104  monitor_task.o(.data)
    Timer_100MS_Task_Handler                 0x200004bc   Data           4  monitor_task.o(.data)
    task_suspend_flag                        0x200004c0   Data           1  monitor_task.o(.data)
    fric_mode                                0x200004c8   Data           1  shoot_task.o(.data)
    flag1                                    0x200004c9   Data           1  shoot_task.o(.data)
    shoot_mode                               0x200004ca   Data           1  shoot_task.o(.data)
    shoot_speed                              0x200004cc   Data           2  shoot_task.o(.data)
    last_yaw_sign                            0x200004ce   Data           1  shoot_task.o(.data)
    vision_shoot                             0x200004cf   Data           1  shoot_task.o(.data)
    flaga                                    0x200004d0   Data           1  shoot_task.o(.data)
    deduce_vision                            0x200004d1   Data           1  shoot_task.o(.data)
    deduce_flag                              0x200004d2   Data           1  shoot_task.o(.data)
    fghf                                     0x200004d3   Data           1  shoot_task.o(.data)
    vision_shoot_num                         0x200004d4   Data           4  shoot_task.o(.data)
    cooling_num                              0x200004d8   Data           4  shoot_task.o(.data)
    shoot_num1                               0x200004dc   Data           4  shoot_task.o(.data)
    cooling_num1                             0x200004e0   Data           4  shoot_task.o(.data)
    long_shoot                               0x200004e4   Data           2  shoot_task.o(.data)
    trigger_stop_flag                        0x200004e6   Data           1  shoot_task.o(.data)
    aaaaaaaaa                                0x200004e8   Data           4  shoot_task.o(.data)
    INS_Task_Handler                         0x200004f4   Data           4  start_task.o(.data)
    Gimbal_Task_Handler                      0x200004f8   Data           4  start_task.o(.data)
    Shoot_Task_Handler                       0x200004fc   Data           4  start_task.o(.data)
    Connect_Task_Handler                     0x20000500   Data           4  start_task.o(.data)
    Test_Task_Handler                        0x20000504   Data           4  start_task.o(.data)
    Monitor_Task_Handler                     0x20000508   Data           4  start_task.o(.data)
    Cali_Task_Handler                        0x2000050c   Data           4  start_task.o(.data)
    adjust_Task_Handler                      0x20000510   Data           4  start_task.o(.data)
    Usart_Cnt                                0x20000514   Data           1  adjust_task.o(.data)
    result                                   0x20000518   Data           4  adjust_task.o(.data)
    j                                        0x2000051c   Data           1  adjust_task.o(.data)
    i                                        0x2000051d   Data           1  adjust_task.o(.data)
    scale                                    0x2000051e   Data           2  adjust_task.o(.data)
    can1_rx_header                           0x20000520   Data          28  can.o(.bss)
    can1_tx_header                           0x2000053c   Data          24  can.o(.bss)
    can2_rx_header                           0x20000554   Data          28  can.o(.bss)
    can2_tx_header                           0x20000570   Data          24  can.o(.bss)
    can2_cmd_header                          0x20000588   Data          24  can.o(.bss)
    hcan1                                    0x200005a0   Data          40  can.o(.bss)
    hcan2                                    0x200005c8   Data          40  can.o(.bss)
    hi2c3                                    0x200005f0   Data          84  i2c.o(.bss)
    hspi1                                    0x20000644   Data          88  spi.o(.bss)
    hdma_spi1_rx                             0x2000069c   Data          96  spi.o(.bss)
    hdma_spi1_tx                             0x200006fc   Data          96  spi.o(.bss)
    htim1                                    0x2000075c   Data          72  tim.o(.bss)
    htim3                                    0x200007a4   Data          72  tim.o(.bss)
    htim4                                    0x200007ec   Data          72  tim.o(.bss)
    htim10                                   0x20000834   Data          72  tim.o(.bss)
    usart1_rx_cali_data                      0x2000087c   Data          40  usart.o(.bss)
    usart1_tx_cali_data                      0x200008a4   Data          40  usart.o(.bss)
    usart3_remote_data                       0x200008cc   Data          36  usart.o(.bss)
    usart6_rx_vision_data                    0x200008f0   Data          40  usart.o(.bss)
    usart6_tx_vision_data                    0x20000918   Data          40  usart.o(.bss)
    PCrx                                     0x20000940   Data          16  usart.o(.bss)
    control_data                             0x20000950   Data          39  usart.o(.bss)
    huart1                                   0x20000978   Data          68  usart.o(.bss)
    huart3                                   0x200009bc   Data          68  usart.o(.bss)
    huart6                                   0x20000a00   Data          68  usart.o(.bss)
    hdma_usart1_rx                           0x20000a44   Data          96  usart.o(.bss)
    hdma_usart1_tx                           0x20000aa4   Data          96  usart.o(.bss)
    hdma_usart3_rx                           0x20000b04   Data          96  usart.o(.bss)
    hdma_usart6_rx                           0x20000b64   Data          96  usart.o(.bss)
    Receive                                  0x20000bc4   Data          14  stm32f4xx_it.o(.bss)
    htim2                                    0x20000bd4   Data          72  stm32f4xx_hal_timebase_tim.o(.bss)
    xQueueRegistry                           0x20000c1c   Data          64  queue.o(.bss)
    rc_analog_key                            0x20007900   Data          12  remote_app.o(.bss)
    rc_ctrl_data                             0x2000790c   Data          32  remote_app.o(.bss)
    fric_motor1_msg                          0x2000792c   Data          80  can1_app.o(.bss)
    fric_motor2_msg                          0x2000797c   Data          80  can1_app.o(.bss)
    trigger_motor_msg                        0x200079cc   Data          80  can1_app.o(.bss)
    yaw_motor_msg                            0x20007a1c   Data          80  can2_app.o(.bss)
    pitch_motor_msg                          0x20007a6c   Data          80  can2_app.o(.bss)
    Judge_data                               0x20007abc   Data          24  can2_app.o(.bss)
    odem_data                                0x20007ad4   Data          28  can2_app.o(.bss)
    shoot_mag                                0x20007af0   Data          10  rule.o(.bss)
    connect_data                             0x20007afc   Data          32  connect_task.o(.bss)
    vision_tx_data                           0x20007b1c   Data          18  connect_task.o(.bss)
    tx_data                                  0x20007b2e   Data          22  connect_task.o(.bss)
    radar_tx_data                            0x20007b44   Data          30  connect_task.o(.bss)
    radar_cmd_data                           0x20007b62   Data          30  connect_task.o(.bss)
    gimbal_pid                               0x20007b80   Data         368  gimbal_task.o(.bss)
    gimbal_control_data                      0x20007cf0   Data          48  gimbal_task.o(.bss)
    INS                                      0x20007d20   Data          24  ins_task.o(.bss)
    accel_dma_rx_buf                         0x20007d38   Data           9  ins_task.o(.bss)
    bmi088_real_data                         0x20007d44   Data          36  ins_task.o(.bss)
    gyro_offset                              0x20007d68   Data          12  ins_task.o(.bss)
    gyro_cali_offset                         0x20007d74   Data          12  ins_task.o(.bss)
    accel_offset                             0x20007d80   Data          12  ins_task.o(.bss)
    accel_cali_offset                        0x20007d8c   Data          12  ins_task.o(.bss)
    ist8310_real_data                        0x20007d98   Data          16  ins_task.o(.bss)
    mag_offset                               0x20007da8   Data          12  ins_task.o(.bss)
    mag_cali_offset                          0x20007db4   Data          12  ins_task.o(.bss)
    INS_gyro                                 0x20007e2c   Data          12  ins_task.o(.bss)
    INS_angle                                0x20007e60   Data          12  ins_task.o(.bss)
    shoot_pid                                0x20007e6c   Data         368  shoot_task.o(.bss)
    shoot_control_data                       0x20007fdc   Data          72  shoot_task.o(.bss)
    ch                                       0x20008024   Data         400  test_task.o(.bss)
    Usart_Receive                            0x200081b4   Data          10  adjust_task.o(.bss)
    Usart_Receive1                           0x200081be   Data          10  adjust_task.o(.bss)
    __libspace_start                         0x200081c8   Data          96  libspace.o(.bss)
    __temporary_stack_top$libspace           0x20008228   Data           0  libspace.o(.bss)



==============================================================================

Memory Map of the image

  Image Entry point : 0x08000189

  Load Region LR_IROM1 (Base: 0x08000000, Size: 0x00014238, Max: 0x00100000, ABSOLUTE, COMPRESSED[0x00013e28])

    Execution Region ER_IROM1 (Exec base: 0x08000000, Load base: 0x08000000, Size: 0x00013d18, Max: 0x00100000, ABSOLUTE)

    Exec Addr    Load Addr    Size         Type   Attr      Idx    E Section Name        Object

    0x08000000   0x08000000   0x00000188   Data   RO            3    RESET               startup_stm32f407xx.o
    0x08000188   0x08000188   0x00000008   Code   RO         8820  * !!!main             c_w.l(__main.o)
    0x08000190   0x08000190   0x00000034   Code   RO         9312    !!!scatter          c_w.l(__scatter.o)
    0x080001c4   0x080001c4   0x0000005a   Code   RO         9310    !!dczerorl2         c_w.l(__dczerorl2.o)
    0x0800021e   0x0800021e   0x00000002   PAD
    0x08000220   0x08000220   0x0000001c   Code   RO         9314    !!handler_zi        c_w.l(__scatter_zi.o)
    0x0800023c   0x0800023c   0x00000000   Code   RO         8801    .ARM.Collect$$_printf_percent$$00000000  c_w.l(_printf_percent.o)
    0x0800023c   0x0800023c   0x00000006   Code   RO         8800    .ARM.Collect$$_printf_percent$$0000000A  c_w.l(_printf_u.o)
    0x08000242   0x08000242   0x00000004   Code   RO         8994    .ARM.Collect$$_printf_percent$$00000017  c_w.l(_printf_percent_end.o)
    0x08000246   0x08000246   0x00000002   Code   RO         9174    .ARM.Collect$$libinit$$00000000  c_w.l(libinit.o)
    0x08000248   0x08000248   0x00000004   Code   RO         9192    .ARM.Collect$$libinit$$00000001  c_w.l(libinit2.o)
    0x0800024c   0x0800024c   0x00000000   Code   RO         9195    .ARM.Collect$$libinit$$00000004  c_w.l(libinit2.o)
    0x0800024c   0x0800024c   0x00000000   Code   RO         9198    .ARM.Collect$$libinit$$0000000A  c_w.l(libinit2.o)
    0x0800024c   0x0800024c   0x00000000   Code   RO         9200    .ARM.Collect$$libinit$$0000000C  c_w.l(libinit2.o)
    0x0800024c   0x0800024c   0x00000000   Code   RO         9202    .ARM.Collect$$libinit$$0000000E  c_w.l(libinit2.o)
    0x0800024c   0x0800024c   0x00000000   Code   RO         9205    .ARM.Collect$$libinit$$00000011  c_w.l(libinit2.o)
    0x0800024c   0x0800024c   0x00000000   Code   RO         9207    .ARM.Collect$$libinit$$00000013  c_w.l(libinit2.o)
    0x0800024c   0x0800024c   0x00000000   Code   RO         9209    .ARM.Collect$$libinit$$00000015  c_w.l(libinit2.o)
    0x0800024c   0x0800024c   0x00000000   Code   RO         9211    .ARM.Collect$$libinit$$00000017  c_w.l(libinit2.o)
    0x0800024c   0x0800024c   0x00000000   Code   RO         9213    .ARM.Collect$$libinit$$00000019  c_w.l(libinit2.o)
    0x0800024c   0x0800024c   0x00000000   Code   RO         9215    .ARM.Collect$$libinit$$0000001B  c_w.l(libinit2.o)
    0x0800024c   0x0800024c   0x00000000   Code   RO         9217    .ARM.Collect$$libinit$$0000001D  c_w.l(libinit2.o)
    0x0800024c   0x0800024c   0x00000000   Code   RO         9219    .ARM.Collect$$libinit$$0000001F  c_w.l(libinit2.o)
    0x0800024c   0x0800024c   0x00000000   Code   RO         9221    .ARM.Collect$$libinit$$00000021  c_w.l(libinit2.o)
    0x0800024c   0x0800024c   0x00000000   Code   RO         9223    .ARM.Collect$$libinit$$00000023  c_w.l(libinit2.o)
    0x0800024c   0x0800024c   0x00000000   Code   RO         9225    .ARM.Collect$$libinit$$00000025  c_w.l(libinit2.o)
    0x0800024c   0x0800024c   0x00000000   Code   RO         9229    .ARM.Collect$$libinit$$0000002C  c_w.l(libinit2.o)
    0x0800024c   0x0800024c   0x00000000   Code   RO         9231    .ARM.Collect$$libinit$$0000002E  c_w.l(libinit2.o)
    0x0800024c   0x0800024c   0x00000000   Code   RO         9233    .ARM.Collect$$libinit$$00000030  c_w.l(libinit2.o)
    0x0800024c   0x0800024c   0x00000000   Code   RO         9235    .ARM.Collect$$libinit$$00000032  c_w.l(libinit2.o)
    0x0800024c   0x0800024c   0x00000002   Code   RO         9236    .ARM.Collect$$libinit$$00000033  c_w.l(libinit2.o)
    0x0800024e   0x0800024e   0x00000002   Code   RO         9264    .ARM.Collect$$libshutdown$$00000000  c_w.l(libshutdown.o)
    0x08000250   0x08000250   0x00000000   Code   RO         9291    .ARM.Collect$$libshutdown$$00000002  c_w.l(libshutdown2.o)
    0x08000250   0x08000250   0x00000000   Code   RO         9293    .ARM.Collect$$libshutdown$$00000004  c_w.l(libshutdown2.o)
    0x08000250   0x08000250   0x00000000   Code   RO         9295    .ARM.Collect$$libshutdown$$00000006  c_w.l(libshutdown2.o)
    0x08000250   0x08000250   0x00000000   Code   RO         9298    .ARM.Collect$$libshutdown$$00000009  c_w.l(libshutdown2.o)
    0x08000250   0x08000250   0x00000000   Code   RO         9301    .ARM.Collect$$libshutdown$$0000000C  c_w.l(libshutdown2.o)
    0x08000250   0x08000250   0x00000000   Code   RO         9303    .ARM.Collect$$libshutdown$$0000000E  c_w.l(libshutdown2.o)
    0x08000250   0x08000250   0x00000000   Code   RO         9306    .ARM.Collect$$libshutdown$$00000011  c_w.l(libshutdown2.o)
    0x08000250   0x08000250   0x00000002   Code   RO         9307    .ARM.Collect$$libshutdown$$00000012  c_w.l(libshutdown2.o)
    0x08000252   0x08000252   0x00000000   Code   RO         8930    .ARM.Collect$$rtentry$$00000000  c_w.l(__rtentry.o)
    0x08000252   0x08000252   0x00000000   Code   RO         9081    .ARM.Collect$$rtentry$$00000002  c_w.l(__rtentry2.o)
    0x08000252   0x08000252   0x00000006   Code   RO         9093    .ARM.Collect$$rtentry$$00000004  c_w.l(__rtentry4.o)
    0x08000258   0x08000258   0x00000000   Code   RO         9083    .ARM.Collect$$rtentry$$00000009  c_w.l(__rtentry2.o)
    0x08000258   0x08000258   0x00000004   Code   RO         9084    .ARM.Collect$$rtentry$$0000000A  c_w.l(__rtentry2.o)
    0x0800025c   0x0800025c   0x00000000   Code   RO         9086    .ARM.Collect$$rtentry$$0000000C  c_w.l(__rtentry2.o)
    0x0800025c   0x0800025c   0x00000008   Code   RO         9087    .ARM.Collect$$rtentry$$0000000D  c_w.l(__rtentry2.o)
    0x08000264   0x08000264   0x00000002   Code   RO         9179    .ARM.Collect$$rtexit$$00000000  c_w.l(rtexit.o)
    0x08000266   0x08000266   0x00000000   Code   RO         9240    .ARM.Collect$$rtexit$$00000002  c_w.l(rtexit2.o)
    0x08000266   0x08000266   0x00000004   Code   RO         9241    .ARM.Collect$$rtexit$$00000003  c_w.l(rtexit2.o)
    0x0800026a   0x0800026a   0x00000006   Code   RO         9242    .ARM.Collect$$rtexit$$00000004  c_w.l(rtexit2.o)
    0x08000270   0x08000270   0x000000be   Code   RO         6455    .emb_text           port.o
    0x0800032e   0x0800032e   0x00000002   PAD
    0x08000330   0x08000330   0x00000040   Code   RO            4    .text               startup_stm32f407xx.o
    0x08000370   0x08000370   0x00000002   Code   RO         8763    .text               c_w.l(use_no_semi_2.o)
    0x08000372   0x08000372   0x000000ee   Code   RO         8765    .text               c_w.l(lludivv7m.o)
    0x08000460   0x08000460   0x0000002c   Code   RO         8769    .text               c_w.l(__2sprintf.o)
    0x0800048c   0x0800048c   0x00000078   Code   RO         8777    .text               c_w.l(_printf_dec.o)
    0x08000504   0x08000504   0x00000188   Code   RO         8796    .text               c_w.l(__printf_flags_ss_wp.o)
    0x0800068c   0x0800068c   0x00000048   Code   RO         8802    .text               c_w.l(strcpy.o)
    0x080006d4   0x080006d4   0x0000003e   Code   RO         8804    .text               c_w.l(strlen.o)
    0x08000712   0x08000712   0x0000008a   Code   RO         8806    .text               c_w.l(rt_memcpy_v6.o)
    0x0800079c   0x0800079c   0x00000064   Code   RO         8808    .text               c_w.l(rt_memcpy_w.o)
    0x08000800   0x08000800   0x00000010   Code   RO         8812    .text               c_w.l(aeabi_memset.o)
    0x08000810   0x08000810   0x00000044   Code   RO         8814    .text               c_w.l(rt_memclr.o)
    0x08000854   0x08000854   0x0000004e   Code   RO         8816    .text               c_w.l(rt_memclr_w.o)
    0x080008a2   0x080008a2   0x00000006   Code   RO         8818    .text               c_w.l(heapauxi.o)
    0x080008a8   0x080008a8   0x00000002   Code   RO         8928    .text               c_w.l(use_no_semi.o)
    0x080008aa   0x080008aa   0x00000016   Code   RO         8935    .text               c_w.l(_rserrno.o)
    0x080008c0   0x080008c0   0x000000b2   Code   RO         8941    .text               c_w.l(_printf_intcommon.o)
    0x08000972   0x08000972   0x00000002   PAD
    0x08000974   0x08000974   0x00000030   Code   RO         8945    .text               c_w.l(_printf_char_common.o)
    0x080009a4   0x080009a4   0x0000000a   Code   RO         8947    .text               c_w.l(_sputc.o)
    0x080009ae   0x080009ae   0x00000002   PAD
    0x080009b0   0x080009b0   0x00000008   Code   RO         9100    .text               c_w.l(rt_errno_addr_intlibspace.o)
    0x080009b8   0x080009b8   0x00000008   Code   RO         9121    .text               c_w.l(libspace.o)
    0x080009c0   0x080009c0   0x0000004a   Code   RO         9124    .text               c_w.l(sys_stackheap_outer.o)
    0x08000a0a   0x08000a0a   0x00000012   Code   RO         9163    .text               c_w.l(exit.o)
    0x08000a1c   0x08000a1c   0x00000028   Code   RO         8354    i.AHRS_init         ins_task.o
    0x08000a44   0x08000a44   0x0000006a   Code   RO         8355    i.AHRS_update       ins_task.o
    0x08000aae   0x08000aae   0x00000002   PAD
    0x08000ab0   0x08000ab0   0x00000014   Code   RO         7630    i.BMI088_ACCEL_NS_H  bmi088middleware.o
    0x08000ac4   0x08000ac4   0x00000014   Code   RO         7631    i.BMI088_ACCEL_NS_L  bmi088middleware.o
    0x08000ad8   0x08000ad8   0x00000098   Code   RO         7632    i.BMI088_GPIO_init  bmi088middleware.o
    0x08000b70   0x08000b70   0x00000014   Code   RO         7633    i.BMI088_GYRO_NS_H  bmi088middleware.o
    0x08000b84   0x08000b84   0x00000014   Code   RO         7634    i.BMI088_GYRO_NS_L  bmi088middleware.o
    0x08000b98   0x08000b98   0x00000090   Code   RO         7377    i.BMI088_accel_read_over  bmi088driver.o
    0x08000c28   0x08000c28   0x00000002   Code   RO         7635    i.BMI088_com_init   bmi088middleware.o
    0x08000c2a   0x08000c2a   0x0000000c   Code   RO         7636    i.BMI088_delay_ms   bmi088middleware.o
    0x08000c36   0x08000c36   0x0000000c   Code   RO         7637    i.BMI088_delay_us   bmi088middleware.o
    0x08000c42   0x08000c42   0x00000002   PAD
    0x08000c44   0x08000c44   0x00000068   Code   RO         7378    i.BMI088_gyro_read_over  bmi088driver.o
    0x08000cac   0x08000cac   0x00000034   Code   RO         7379    i.BMI088_init       bmi088driver.o
    0x08000ce0   0x08000ce0   0x0000017c   Code   RO         7380    i.BMI088_read       bmi088driver.o
    0x08000e5c   0x08000e5c   0x00000026   Code   RO         7383    i.BMI088_read_muli_reg  bmi088driver.o
    0x08000e82   0x08000e82   0x00000018   Code   RO         7384    i.BMI088_read_single_reg  bmi088driver.o
    0x08000e9a   0x08000e9a   0x00000002   PAD
    0x08000e9c   0x08000e9c   0x00000020   Code   RO         7638    i.BMI088_read_write_byte  bmi088middleware.o
    0x08000ebc   0x08000ebc   0x00000034   Code   RO         7385    i.BMI088_temperature_read_over  bmi088driver.o
    0x08000ef0   0x08000ef0   0x00000014   Code   RO         7386    i.BMI088_write_single_reg  bmi088driver.o
    0x08000f04   0x08000f04   0x00000004   Code   RO          788    i.BusFault_Handler  stm32f4xx_it.o
    0x08000f08   0x08000f08   0x00000010   Code   RO          789    i.CAN1_RX0_IRQHandler  stm32f4xx_it.o
    0x08000f18   0x08000f18   0x00000010   Code   RO          790    i.CAN2_RX0_IRQHandler  stm32f4xx_it.o
    0x08000f28   0x08000f28   0x00000010   Code   RO          791    i.CAN2_TX_IRQHandler  stm32f4xx_it.o
    0x08000f38   0x08000f38   0x0000006c   Code   RO          367    i.CAN_APP_INIT      can.o
    0x08000fa4   0x08000fa4   0x00000030   Code   RO         8726    i.Clear_Usart_Receive  adjust_task.o
    0x08000fd4   0x08000fd4   0x00000020   Code   RO          792    i.DMA1_Stream1_IRQHandler  stm32f4xx_it.o
    0x08000ff4   0x08000ff4   0x00000880   Code   RO         8356    i.DMA2_Stream2_IRQHandler  ins_task.o
    0x08001874   0x08001874   0x00000010   Code   RO          793    i.DMA2_Stream3_IRQHandler  stm32f4xx_it.o
    0x08001884   0x08001884   0x00000010   Code   RO          794    i.DMA2_Stream5_IRQHandler  stm32f4xx_it.o
    0x08001894   0x08001894   0x00000010   Code   RO          795    i.DMA2_Stream7_IRQHandler  stm32f4xx_it.o
    0x080018a4   0x080018a4   0x00000034   Code   RO         1741    i.DMA_CalcBaseAndBitshift  stm32f4xx_hal_dma.o
    0x080018d8   0x080018d8   0x000000aa   Code   RO         1742    i.DMA_CheckFifoParam  stm32f4xx_hal_dma.o
    0x08001982   0x08001982   0x0000002c   Code   RO         1743    i.DMA_SetConfig     stm32f4xx_hal_dma.o
    0x080019ae   0x080019ae   0x00000002   Code   RO          796    i.DebugMon_Handler  stm32f4xx_it.o
    0x080019b0   0x080019b0   0x0000000a   Code   RO          797    i.EXTI0_IRQHandler  stm32f4xx_it.o
    0x080019ba   0x080019ba   0x0000000a   Code   RO          798    i.EXTI3_IRQHandler  stm32f4xx_it.o
    0x080019c4   0x080019c4   0x0000000a   Code   RO          799    i.EXTI4_IRQHandler  stm32f4xx_it.o
    0x080019ce   0x080019ce   0x00000010   Code   RO          800    i.EXTI9_5_IRQHandler  stm32f4xx_it.o
    0x080019de   0x080019de   0x00000006   Code   RO           13    i.Error_Handler     main.o
    0x080019e4   0x080019e4   0x0000002a   Code   RO         1004    i.HAL_CAN_ActivateNotification  stm32f4xx_hal_can.o
    0x08001a0e   0x08001a0e   0x00000156   Code   RO         1005    i.HAL_CAN_AddTxMessage  stm32f4xx_hal_can.o
    0x08001b64   0x08001b64   0x00000124   Code   RO         1006    i.HAL_CAN_ConfigFilter  stm32f4xx_hal_can.o
    0x08001c88   0x08001c88   0x00000002   Code   RO         1009    i.HAL_CAN_ErrorCallback  stm32f4xx_hal_can.o
    0x08001c8a   0x08001c8a   0x0000017a   Code   RO         1012    i.HAL_CAN_GetRxMessage  stm32f4xx_hal_can.o
    0x08001e04   0x08001e04   0x0000024e   Code   RO         1016    i.HAL_CAN_IRQHandler  stm32f4xx_hal_can.o
    0x08002052   0x08002052   0x00000174   Code   RO         1017    i.HAL_CAN_Init      stm32f4xx_hal_can.o
    0x080021c6   0x080021c6   0x00000002   PAD
    0x080021c8   0x080021c8   0x00000170   Code   RO          369    i.HAL_CAN_MspInit   can.o
    0x08002338   0x08002338   0x00000002   Code   RO         1024    i.HAL_CAN_RxFifo0FullCallback  stm32f4xx_hal_can.o
    0x0800233a   0x0800233a   0x00000002   PAD
    0x0800233c   0x0800233c   0x00000058   Code   RO          370    i.HAL_CAN_RxFifo0MsgPendingCallback  can.o
    0x08002394   0x08002394   0x00000002   Code   RO         1026    i.HAL_CAN_RxFifo1FullCallback  stm32f4xx_hal_can.o
    0x08002396   0x08002396   0x00000002   Code   RO         1027    i.HAL_CAN_RxFifo1MsgPendingCallback  stm32f4xx_hal_can.o
    0x08002398   0x08002398   0x00000002   Code   RO         1028    i.HAL_CAN_SleepCallback  stm32f4xx_hal_can.o
    0x0800239a   0x0800239a   0x0000005e   Code   RO         1029    i.HAL_CAN_Start     stm32f4xx_hal_can.o
    0x080023f8   0x080023f8   0x00000002   Code   RO         1031    i.HAL_CAN_TxMailbox0AbortCallback  stm32f4xx_hal_can.o
    0x080023fa   0x080023fa   0x00000002   Code   RO         1032    i.HAL_CAN_TxMailbox0CompleteCallback  stm32f4xx_hal_can.o
    0x080023fc   0x080023fc   0x00000002   Code   RO         1033    i.HAL_CAN_TxMailbox1AbortCallback  stm32f4xx_hal_can.o
    0x080023fe   0x080023fe   0x00000002   Code   RO         1034    i.HAL_CAN_TxMailbox1CompleteCallback  stm32f4xx_hal_can.o
    0x08002400   0x08002400   0x00000002   Code   RO         1035    i.HAL_CAN_TxMailbox2AbortCallback  stm32f4xx_hal_can.o
    0x08002402   0x08002402   0x00000002   Code   RO         1036    i.HAL_CAN_TxMailbox2CompleteCallback  stm32f4xx_hal_can.o
    0x08002404   0x08002404   0x00000002   Code   RO         1038    i.HAL_CAN_WakeUpFromRxMsgCallback  stm32f4xx_hal_can.o
    0x08002406   0x08002406   0x000000ac   Code   RO         1744    i.HAL_DMA_Abort     stm32f4xx_hal_dma.o
    0x080024b2   0x080024b2   0x00000028   Code   RO         1745    i.HAL_DMA_Abort_IT  stm32f4xx_hal_dma.o
    0x080024da   0x080024da   0x00000002   PAD
    0x080024dc   0x080024dc   0x00000240   Code   RO         1749    i.HAL_DMA_IRQHandler  stm32f4xx_hal_dma.o
    0x0800271c   0x0800271c   0x000000ec   Code   RO         1750    i.HAL_DMA_Init      stm32f4xx_hal_dma.o
    0x08002808   0x08002808   0x00000092   Code   RO         1754    i.HAL_DMA_Start_IT  stm32f4xx_hal_dma.o
    0x0800289a   0x0800289a   0x00000002   PAD
    0x0800289c   0x0800289c   0x000000a8   Code   RO         8357    i.HAL_GPIO_EXTI_Callback  ins_task.o
    0x08002944   0x08002944   0x0000001c   Code   RO         1636    i.HAL_GPIO_EXTI_IRQHandler  stm32f4xx_hal_gpio.o
    0x08002960   0x08002960   0x000001f4   Code   RO         1637    i.HAL_GPIO_Init     stm32f4xx_hal_gpio.o
    0x08002b54   0x08002b54   0x0000000c   Code   RO         1641    i.HAL_GPIO_WritePin  stm32f4xx_hal_gpio.o
    0x08002b60   0x08002b60   0x0000000c   Code   RO         2174    i.HAL_GetTick       stm32f4xx_hal.o
    0x08002b6c   0x08002b6c   0x000001d0   Code   RO         2430    i.HAL_I2C_Init      stm32f4xx_hal_i2c.o
    0x08002d3c   0x08002d3c   0x000002f4   Code   RO         2448    i.HAL_I2C_Mem_Read  stm32f4xx_hal_i2c.o
    0x08003030   0x08003030   0x00000164   Code   RO         2451    i.HAL_I2C_Mem_Write  stm32f4xx_hal_i2c.o
    0x08003194   0x08003194   0x000000c8   Code   RO          453    i.HAL_I2C_MspInit   i2c.o
    0x0800325c   0x0800325c   0x00000018   Code   RO         2180    i.HAL_IncTick       stm32f4xx_hal.o
    0x08003274   0x08003274   0x0000003c   Code   RO         2181    i.HAL_Init          stm32f4xx_hal.o
    0x080032b0   0x080032b0   0x000000b4   Code   RO          964    i.HAL_InitTick      stm32f4xx_hal_timebase_tim.o
    0x08003364   0x08003364   0x00000054   Code   RO          940    i.HAL_MspInit       stm32f4xx_hal_msp.o
    0x080033b8   0x080033b8   0x00000020   Code   RO         2026    i.HAL_NVIC_EnableIRQ  stm32f4xx_hal_cortex.o
    0x080033d8   0x080033d8   0x0000007c   Code   RO         2032    i.HAL_NVIC_SetPriority  stm32f4xx_hal_cortex.o
    0x08003454   0x08003454   0x00000028   Code   RO         2033    i.HAL_NVIC_SetPriorityGrouping  stm32f4xx_hal_cortex.o
    0x0800347c   0x0800347c   0x00000184   Code   RO         1238    i.HAL_RCC_ClockConfig  stm32f4xx_hal_rcc.o
    0x08003600   0x08003600   0x00000044   Code   RO         1242    i.HAL_RCC_GetClockConfig  stm32f4xx_hal_rcc.o
    0x08003644   0x08003644   0x0000000c   Code   RO         1243    i.HAL_RCC_GetHCLKFreq  stm32f4xx_hal_rcc.o
    0x08003650   0x08003650   0x00000020   Code   RO         1245    i.HAL_RCC_GetPCLK1Freq  stm32f4xx_hal_rcc.o
    0x08003670   0x08003670   0x00000020   Code   RO         1246    i.HAL_RCC_GetPCLK2Freq  stm32f4xx_hal_rcc.o
    0x08003690   0x08003690   0x000000b0   Code   RO         1247    i.HAL_RCC_GetSysClockFreq  stm32f4xx_hal_rcc.o
    0x08003740   0x08003740   0x0000049c   Code   RO         1250    i.HAL_RCC_OscConfig  stm32f4xx_hal_rcc.o
    0x08003bdc   0x08003bdc   0x000000c8   Code   RO         2920    i.HAL_SPI_Init      stm32f4xx_hal_spi.o
    0x08003ca4   0x08003ca4   0x00000158   Code   RO          495    i.HAL_SPI_MspInit   spi.o
    0x08003dfc   0x08003dfc   0x0000022a   Code   RO         2929    i.HAL_SPI_TransmitReceive  stm32f4xx_hal_spi.o
    0x08004026   0x08004026   0x00000028   Code   RO         2035    i.HAL_SYSTICK_CLKSourceConfig  stm32f4xx_hal_cortex.o
    0x0800404e   0x0800404e   0x00000002   Code   RO         3948    i.HAL_TIMEx_BreakCallback  stm32f4xx_hal_tim_ex.o
    0x08004050   0x08004050   0x00000002   Code   RO         3949    i.HAL_TIMEx_CommutCallback  stm32f4xx_hal_tim_ex.o
    0x08004052   0x08004052   0x00000074   Code   RO         3951    i.HAL_TIMEx_ConfigBreakDeadTime  stm32f4xx_hal_tim_ex.o
    0x080040c6   0x080040c6   0x00000002   PAD
    0x080040c8   0x080040c8   0x000000b4   Code   RO         3967    i.HAL_TIMEx_MasterConfigSynchronization  stm32f4xx_hal_tim_ex.o
    0x0800417c   0x0800417c   0x00000066   Code   RO         3233    i.HAL_TIM_Base_Init  stm32f4xx_hal_tim.o
    0x080041e2   0x080041e2   0x00000002   PAD
    0x080041e4   0x080041e4   0x000000a4   Code   RO          549    i.HAL_TIM_Base_MspInit  tim.o
    0x08004288   0x08004288   0x0000009c   Code   RO         3236    i.HAL_TIM_Base_Start  stm32f4xx_hal_tim.o
    0x08004324   0x08004324   0x000000a8   Code   RO         3238    i.HAL_TIM_Base_Start_IT  stm32f4xx_hal_tim.o
    0x080043cc   0x080043cc   0x0000010c   Code   RO         3242    i.HAL_TIM_ConfigClockSource  stm32f4xx_hal_tim.o
    0x080044d8   0x080044d8   0x00000002   Code   RO         3267    i.HAL_TIM_IC_CaptureCallback  stm32f4xx_hal_tim.o
    0x080044da   0x080044da   0x00000196   Code   RO         3281    i.HAL_TIM_IRQHandler  stm32f4xx_hal_tim.o
    0x08004670   0x08004670   0x000000fc   Code   RO          550    i.HAL_TIM_MspPostInit  tim.o
    0x0800476c   0x0800476c   0x00000002   Code   RO         3284    i.HAL_TIM_OC_DelayElapsedCallback  stm32f4xx_hal_tim.o
    0x0800476e   0x0800476e   0x00000104   Code   RO         3305    i.HAL_TIM_PWM_ConfigChannel  stm32f4xx_hal_tim.o
    0x08004872   0x08004872   0x00000066   Code   RO         3308    i.HAL_TIM_PWM_Init  stm32f4xx_hal_tim.o
    0x080048d8   0x080048d8   0x00000034   Code   RO          552    i.HAL_TIM_PWM_MspInit  tim.o
    0x0800490c   0x0800490c   0x00000002   Code   RO         3311    i.HAL_TIM_PWM_PulseFinishedCallback  stm32f4xx_hal_tim.o
    0x0800490e   0x0800490e   0x00000002   PAD
    0x08004910   0x08004910   0x0000010c   Code   RO         3313    i.HAL_TIM_PWM_Start  stm32f4xx_hal_tim.o
    0x08004a1c   0x08004a1c   0x00000040   Code   RO           14    i.HAL_TIM_PeriodElapsedCallback  main.o
    0x08004a5c   0x08004a5c   0x00000002   Code   RO         3324    i.HAL_TIM_TriggerCallback  stm32f4xx_hal_tim.o
    0x08004a5e   0x08004a5e   0x00000002   Code   RO         4226    i.HAL_UARTEx_RxEventCallback  stm32f4xx_hal_uart.o
    0x08004a60   0x08004a60   0x0000008a   Code   RO         4238    i.HAL_UART_DMAStop  stm32f4xx_hal_uart.o
    0x08004aea   0x08004aea   0x00000002   Code   RO         4240    i.HAL_UART_ErrorCallback  stm32f4xx_hal_uart.o
    0x08004aec   0x08004aec   0x000002e0   Code   RO         4243    i.HAL_UART_IRQHandler  stm32f4xx_hal_uart.o
    0x08004dcc   0x08004dcc   0x00000072   Code   RO         4244    i.HAL_UART_Init     stm32f4xx_hal_uart.o
    0x08004e3e   0x08004e3e   0x00000002   PAD
    0x08004e40   0x08004e40   0x000002f4   Code   RO          682    i.HAL_UART_MspInit  usart.o
    0x08005134   0x08005134   0x00000042   Code   RO         4248    i.HAL_UART_Receive_DMA  stm32f4xx_hal_uart.o
    0x08005176   0x08005176   0x00000042   Code   RO         4249    i.HAL_UART_Receive_IT  stm32f4xx_hal_uart.o
    0x080051b8   0x080051b8   0x00000002   Code   RO         4250    i.HAL_UART_RxCpltCallback  stm32f4xx_hal_uart.o
    0x080051ba   0x080051ba   0x00000002   Code   RO         4251    i.HAL_UART_RxHalfCpltCallback  stm32f4xx_hal_uart.o
    0x080051bc   0x080051bc   0x000000d2   Code   RO         4252    i.HAL_UART_Transmit  stm32f4xx_hal_uart.o
    0x0800528e   0x0800528e   0x00000002   Code   RO         4255    i.HAL_UART_TxCpltCallback  stm32f4xx_hal_uart.o
    0x08005290   0x08005290   0x00000004   Code   RO          801    i.HardFault_Handler  stm32f4xx_it.o
    0x08005294   0x08005294   0x0000003e   Code   RO         2473    i.I2C_IsAcknowledgeFailed  stm32f4xx_hal_i2c.o
    0x080052d2   0x080052d2   0x00000002   PAD
    0x080052d4   0x080052d4   0x00000160   Code   RO         2484    i.I2C_RequestMemoryRead  stm32f4xx_hal_i2c.o
    0x08005434   0x08005434   0x000000e0   Code   RO         2485    i.I2C_RequestMemoryWrite  stm32f4xx_hal_i2c.o
    0x08005514   0x08005514   0x0000005c   Code   RO         2493    i.I2C_WaitOnBTFFlagUntilTimeout  stm32f4xx_hal_i2c.o
    0x08005570   0x08005570   0x00000086   Code   RO         2494    i.I2C_WaitOnFlagUntilTimeout  stm32f4xx_hal_i2c.o
    0x080055f6   0x080055f6   0x000000c4   Code   RO         2495    i.I2C_WaitOnMasterAddressFlagUntilTimeout  stm32f4xx_hal_i2c.o
    0x080056ba   0x080056ba   0x00000080   Code   RO         2496    i.I2C_WaitOnRXNEFlagUntilTimeout  stm32f4xx_hal_i2c.o
    0x0800573a   0x0800573a   0x0000005c   Code   RO         2499    i.I2C_WaitOnTXEFlagUntilTimeout  stm32f4xx_hal_i2c.o
    0x08005796   0x08005796   0x00000002   PAD
    0x08005798   0x08005798   0x000003f0   Code   RO         8358    i.INS_task          ins_task.o
    0x08005b88   0x08005b88   0x00000068   Code   RO         7812    i.LEDPIN_Init       oled.o
    0x08005bf0   0x08005bf0   0x00000018   Code   RO         7815    i.LED_DLY_ms        oled.o
    0x08005c08   0x08005c08   0x0000003a   Code   RO         7816    i.LED_Fill          oled.o
    0x08005c42   0x08005c42   0x00000002   PAD
    0x08005c44   0x08005c44   0x00000064   Code   RO         7819    i.LED_P6x8Str       oled.o
    0x08005ca8   0x08005ca8   0x00000024   Code   RO         7829    i.LED_Set_Pos       oled.o
    0x08005ccc   0x08005ccc   0x00000054   Code   RO         7830    i.LED_WrCmd         oled.o
    0x08005d20   0x08005d20   0x00000054   Code   RO         7831    i.LED_WrDat         oled.o
    0x08005d74   0x08005d74   0x00000044   Code   RO          371    i.MX_CAN1_Init      can.o
    0x08005db8   0x08005db8   0x00000044   Code   RO          372    i.MX_CAN2_Init      can.o
    0x08005dfc   0x08005dfc   0x000000a8   Code   RO          428    i.MX_DMA_Init       dma.o
    0x08005ea4   0x08005ea4   0x00000038   Code   RO          306    i.MX_FREERTOS_Init  freertos.o
    0x08005edc   0x08005edc   0x000001e8   Code   RO          271    i.MX_GPIO_Init      gpio.o
    0x080060c4   0x080060c4   0x0000003c   Code   RO          454    i.MX_I2C3_Init      i2c.o
    0x08006100   0x08006100   0x00000044   Code   RO          496    i.MX_SPI1_Init      spi.o
    0x08006144   0x08006144   0x00000070   Code   RO          553    i.MX_TIM10_Init     tim.o
    0x080061b4   0x080061b4   0x000000b4   Code   RO          554    i.MX_TIM1_Init      tim.o
    0x08006268   0x08006268   0x00000070   Code   RO          555    i.MX_TIM3_Init      tim.o
    0x080062d8   0x080062d8   0x000000a4   Code   RO          556    i.MX_TIM4_Init      tim.o
    0x0800637c   0x0800637c   0x00000038   Code   RO          683    i.MX_USART1_UART_Init  usart.o
    0x080063b4   0x080063b4   0x0000003c   Code   RO          684    i.MX_USART3_UART_Init  usart.o
    0x080063f0   0x080063f0   0x00000038   Code   RO          685    i.MX_USART6_UART_Init  usart.o
    0x08006428   0x08006428   0x000005ac   Code   RO         6973    i.MahonyAHRSupdate  mahonyahrs.o
    0x080069d4   0x080069d4   0x00000308   Code   RO         6974    i.MahonyAHRSupdateIMU  mahonyahrs.o
    0x08006cdc   0x08006cdc   0x00000004   Code   RO          802    i.MemManage_Handler  stm32f4xx_it.o
    0x08006ce0   0x08006ce0   0x00000004   Code   RO          803    i.NMI_Handler       stm32f4xx_it.o
    0x08006ce4   0x08006ce4   0x00000172   Code   RO         7124    i.PID_Calc          pid.o
    0x08006e56   0x08006e56   0x00000002   PAD
    0x08006e58   0x08006e58   0x00000040   Code   RO         7125    i.PID_Reset         pid.o
    0x08006e98   0x08006e98   0x000001f0   Code   RO         8359    i.PID_calc          ins_task.o
    0x08007088   0x08007088   0x00000060   Code   RO         8361    i.PID_init          ins_task.o
    0x080070e8   0x080070e8   0x00000010   Code   RO         6535    i.RC_abs            remote_app.o
    0x080070f8   0x080070f8   0x00000080   Code   RO         6536    i.RC_data_error_process  remote_app.o
    0x08007178   0x08007178   0x00000030   Code   RO         6537    i.RC_reset          remote_app.o
    0x080071a8   0x080071a8   0x0000273c   Code   RO          497    i.SPI1_DMA_enable   spi.o
    0x080098e4   0x080098e4   0x00000180   Code   RO          498    i.SPI1_DMA_init     spi.o
    0x08009a64   0x08009a64   0x0000006c   Code   RO         2958    i.SPI_EndRxTxTransaction  stm32f4xx_hal_spi.o
    0x08009ad0   0x08009ad0   0x000000d8   Code   RO         2963    i.SPI_WaitFlagStateUntilTimeout  stm32f4xx_hal_spi.o
    0x08009ba8   0x08009ba8   0x00000012   Code   RO         7834    i.SetAddressingMode  oled.o
    0x08009bba   0x08009bba   0x00000012   Code   RO         7836    i.SetContrastControl  oled.o
    0x08009bcc   0x08009bcc   0x0000000e   Code   RO         7839    i.SetStartLine      oled.o
    0x08009bda   0x08009bda   0x00000014   Code   RO         7841    i.Set_Charge_Pump   oled.o
    0x08009bee   0x08009bee   0x00000014   Code   RO         7842    i.Set_Common_Config  oled.o
    0x08009c02   0x08009c02   0x0000000e   Code   RO         7843    i.Set_Common_Remap  oled.o
    0x08009c10   0x08009c10   0x00000012   Code   RO         7844    i.Set_Display_Clock  oled.o
    0x08009c22   0x08009c22   0x00000012   Code   RO         7845    i.Set_Display_Offset  oled.o
    0x08009c34   0x08009c34   0x0000000e   Code   RO         7846    i.Set_Display_On_Off  oled.o
    0x08009c42   0x08009c42   0x0000000e   Code   RO         7847    i.Set_Entire_Display  oled.o
    0x08009c50   0x08009c50   0x0000000e   Code   RO         7848    i.Set_Inverse_Display  oled.o
    0x08009c5e   0x08009c5e   0x00000012   Code   RO         7849    i.Set_Multiplex_Ratio  oled.o
    0x08009c70   0x08009c70   0x00000012   Code   RO         7851    i.Set_Precharge_Period  oled.o
    0x08009c82   0x08009c82   0x0000000e   Code   RO         7852    i.Set_Segment_Remap  oled.o
    0x08009c90   0x08009c90   0x00000012   Code   RO         7853    i.Set_VCOMH         oled.o
    0x08009ca2   0x08009ca2   0x0000000a   Code   RO          307    i.StartDefaultTask  freertos.o
    0x08009cac   0x08009cac   0x00000016   Code   RO         5876    i.SysTick_Handler   cmsis_os2.o
    0x08009cc2   0x08009cc2   0x00000002   PAD
    0x08009cc4   0x08009cc4   0x000000b4   Code   RO           15    i.SystemClock_Config  main.o
    0x08009d78   0x08009d78   0x00000014   Code   RO         4655    i.SystemInit        system_stm32f4xx.o
    0x08009d8c   0x08009d8c   0x00000010   Code   RO          804    i.TIM2_IRQHandler   stm32f4xx_it.o
    0x08009d9c   0x08009d9c   0x00000010   Code   RO          805    i.TIM3_IRQHandler   stm32f4xx_it.o
    0x08009dac   0x08009dac   0x000000d8   Code   RO         3326    i.TIM_Base_SetConfig  stm32f4xx_hal_tim.o
    0x08009e84   0x08009e84   0x00000022   Code   RO         3327    i.TIM_CCxChannelCmd  stm32f4xx_hal_tim.o
    0x08009ea6   0x08009ea6   0x00000016   Code   RO         3337    i.TIM_ETR_SetConfig  stm32f4xx_hal_tim.o
    0x08009ebc   0x08009ebc   0x00000012   Code   RO         3338    i.TIM_ITRx_SetConfig  stm32f4xx_hal_tim.o
    0x08009ece   0x08009ece   0x00000002   PAD
    0x08009ed0   0x08009ed0   0x00000070   Code   RO         3339    i.TIM_OC1_SetConfig  stm32f4xx_hal_tim.o
    0x08009f40   0x08009f40   0x0000007c   Code   RO         3340    i.TIM_OC2_SetConfig  stm32f4xx_hal_tim.o
    0x08009fbc   0x08009fbc   0x00000078   Code   RO         3341    i.TIM_OC3_SetConfig  stm32f4xx_hal_tim.o
    0x0800a034   0x0800a034   0x00000054   Code   RO         3342    i.TIM_OC4_SetConfig  stm32f4xx_hal_tim.o
    0x0800a088   0x0800a088   0x00000026   Code   RO         3344    i.TIM_TI1_ConfigInputStage  stm32f4xx_hal_tim.o
    0x0800a0ae   0x0800a0ae   0x00000028   Code   RO         3346    i.TIM_TI2_ConfigInputStage  stm32f4xx_hal_tim.o
    0x0800a0d6   0x0800a0d6   0x00000002   PAD
    0x0800a0d8   0x0800a0d8   0x00000100   Code   RO          686    i.TX2_MES           usart.o
    0x0800a1d8   0x0800a1d8   0x0000007c   Code   RO          687    i.TX2_RX_INT        usart.o
    0x0800a254   0x0800a254   0x00000034   Code   RO         8481    i.Timer_100MS_Task  monitor_task.o
    0x0800a288   0x0800a288   0x00000014   Code   RO         4257    i.UART_DMAAbortOnError  stm32f4xx_hal_uart.o
    0x0800a29c   0x0800a29c   0x00000050   Code   RO         4258    i.UART_DMAError     stm32f4xx_hal_uart.o
    0x0800a2ec   0x0800a2ec   0x000000b0   Code   RO         4259    i.UART_DMAReceiveCplt  stm32f4xx_hal_uart.o
    0x0800a39c   0x0800a39c   0x00000020   Code   RO         4261    i.UART_DMARxHalfCplt  stm32f4xx_hal_uart.o
    0x0800a3bc   0x0800a3bc   0x0000006c   Code   RO         4267    i.UART_EndRxTransfer  stm32f4xx_hal_uart.o
    0x0800a428   0x0800a428   0x00000020   Code   RO         4268    i.UART_EndTransmit_IT  stm32f4xx_hal_uart.o
    0x0800a448   0x0800a448   0x00000026   Code   RO         4269    i.UART_EndTxTransfer  stm32f4xx_hal_uart.o
    0x0800a46e   0x0800a46e   0x000000f8   Code   RO         4270    i.UART_Receive_IT   stm32f4xx_hal_uart.o
    0x0800a566   0x0800a566   0x00000002   PAD
    0x0800a568   0x0800a568   0x0000022c   Code   RO         4271    i.UART_SetConfig    stm32f4xx_hal_uart.o
    0x0800a794   0x0800a794   0x000000d0   Code   RO         4272    i.UART_Start_Receive_DMA  stm32f4xx_hal_uart.o
    0x0800a864   0x0800a864   0x0000004a   Code   RO         4273    i.UART_Start_Receive_IT  stm32f4xx_hal_uart.o
    0x0800a8ae   0x0800a8ae   0x00000060   Code   RO         4274    i.UART_Transmit_IT  stm32f4xx_hal_uart.o
    0x0800a90e   0x0800a90e   0x00000092   Code   RO         4275    i.UART_WaitOnFlagUntilTimeout  stm32f4xx_hal_uart.o
    0x0800a9a0   0x0800a9a0   0x00000014   Code   RO          806    i.USART1_IRQHandler  stm32f4xx_it.o
    0x0800a9b4   0x0800a9b4   0x000000cc   Code   RO          807    i.USART6_IRQHandler  stm32f4xx_it.o
    0x0800aa80   0x0800aa80   0x00000004   Code   RO          808    i.UsageFault_Handler  stm32f4xx_it.o
    0x0800aa84   0x0800aa84   0x00000030   Code   RO         9048    i.__ARM_fpclassify  m_wm.l(fpclassify.o)
    0x0800aab4   0x0800aab4   0x00000026   Code   RO         9050    i.__ARM_fpclassifyf  m_wm.l(fpclassifyf.o)
    0x0800aada   0x0800aada   0x00000002   PAD
    0x0800aadc   0x0800aadc   0x00000010   Code   RO         2039    i.__NVIC_GetPriorityGrouping  stm32f4xx_hal_cortex.o
    0x0800aaec   0x0800aaec   0x00000028   Code   RO         2040    i.__NVIC_SetPriority  stm32f4xx_hal_cortex.o
    0x0800ab14   0x0800ab14   0x00000006   Code   RO         5878    i.__get_IPSR        cmsis_os2.o
    0x0800ab1a   0x0800ab1a   0x00000002   PAD
    0x0800ab1c   0x0800ab1c   0x0000012c   Code   RO         8848    i.__hardfp_asinf    m_wm.l(asinf.o)
    0x0800ac48   0x0800ac48   0x000002ac   Code   RO         8860    i.__hardfp_atan2f   m_wm.l(atan2f.o)
    0x0800aef4   0x0800aef4   0x00000014   Code   RO         8872    i.__hardfp_fabs     m_wm.l(fabs.o)
    0x0800af08   0x0800af08   0x00000c50   Code   RO         8878    i.__hardfp_pow      m_wm.l(pow.o)
    0x0800bb58   0x0800bb58   0x000000c8   Code   RO         8892    i.__hardfp_sin      m_wm.l(sin.o)
    0x0800bc20   0x0800bc20   0x0000007a   Code   RO         8904    i.__hardfp_sqrt     m_wm.l(sqrt.o)
    0x0800bc9a   0x0800bc9a   0x0000003a   Code   RO         8916    i.__hardfp_sqrtf    m_wm.l(sqrtf.o)
    0x0800bcd4   0x0800bcd4   0x00000004   PAD
    0x0800bcd8   0x0800bcd8   0x00000438   Code   RO         9069    i.__ieee754_rem_pio2  m_wm.l(rred.o)
    0x0800c110   0x0800c110   0x00000170   Code   RO         9031    i.__kernel_cos      m_wm.l(cos_i.o)
    0x0800c280   0x0800c280   0x000000f8   Code   RO         9066    i.__kernel_poly     m_wm.l(poly.o)
    0x0800c378   0x0800c378   0x00000130   Code   RO         9074    i.__kernel_sin      m_wm.l(sin_i.o)
    0x0800c4a8   0x0800c4a8   0x00000030   Code   RO         9034    i.__mathlib_dbl_divzero  m_wm.l(dunder.o)
    0x0800c4d8   0x0800c4d8   0x00000014   Code   RO         9035    i.__mathlib_dbl_infnan  m_wm.l(dunder.o)
    0x0800c4ec   0x0800c4ec   0x00000014   Code   RO         9036    i.__mathlib_dbl_infnan2  m_wm.l(dunder.o)
    0x0800c500   0x0800c500   0x00000020   Code   RO         9037    i.__mathlib_dbl_invalid  m_wm.l(dunder.o)
    0x0800c520   0x0800c520   0x00000020   Code   RO         9038    i.__mathlib_dbl_overflow  m_wm.l(dunder.o)
    0x0800c540   0x0800c540   0x00000020   Code   RO         9040    i.__mathlib_dbl_underflow  m_wm.l(dunder.o)
    0x0800c560   0x0800c560   0x00000006   Code   RO         9053    i.__mathlib_flt_infnan  m_wm.l(funder.o)
    0x0800c566   0x0800c566   0x00000006   Code   RO         9054    i.__mathlib_flt_infnan2  m_wm.l(funder.o)
    0x0800c56c   0x0800c56c   0x00000010   Code   RO         9055    i.__mathlib_flt_invalid  m_wm.l(funder.o)
    0x0800c57c   0x0800c57c   0x00000010   Code   RO         9058    i.__mathlib_flt_underflow  m_wm.l(funder.o)
    0x0800c58c   0x0800c58c   0x0000000e   Code   RO         8789    i._is_digit         c_w.l(__printf_wp.o)
    0x0800c59a   0x0800c59a   0x00000004   Code   RO          689    i._sys_exit         usart.o
    0x0800c59e   0x0800c59e   0x00000002   PAD
    0x0800c5a0   0x0800c5a0   0x0000023c   Code   RO         8727    i.adjust_task       adjust_task.o
    0x0800c7dc   0x0800c7dc   0x00000134   Code   RO         7387    i.bmi088_accel_init  bmi088driver.o
    0x0800c910   0x0800c910   0x000002fc   Code   RO         7388    i.bmi088_accel_self_test  bmi088driver.o
    0x0800cc0c   0x0800cc0c   0x000000f4   Code   RO         7389    i.bmi088_gyro_init  bmi088driver.o
    0x0800cd00   0x0800cd00   0x000000d0   Code   RO         7390    i.bmi088_gyro_self_test  bmi088driver.o
    0x0800cdd0   0x0800cdd0   0x00000010   Code   RO          557    i.buzzer1_off       tim.o
    0x0800cde0   0x0800cde0   0x00000010   Code   RO          560    i.buzzer_on         tim.o
    0x0800cdf0   0x0800cdf0   0x00000068   Code   RO         6615    i.can1_message_progress  can1_app.o
    0x0800ce58   0x0800ce58   0x00000032   Code   RO         8117    i.can2_get_rc_data  connect_task.o
    0x0800ce8a   0x0800ce8a   0x00000002   PAD
    0x0800ce8c   0x0800ce8c   0x00000080   Code   RO         6697    i.can2_message_progress  can2_app.o
    0x0800cf0c   0x0800cf0c   0x00000014   Code   RO          308    i.configureTimerForRunTimeStats  freertos.o
    0x0800cf20   0x0800cf20   0x0000000c   Code   RO         8118    i.connect_init      connect_task.o
    0x0800cf2c   0x0800cf2c   0x00000068   Code   RO         8119    i.connect_task      connect_task.o
    0x0800cf94   0x0800cf94   0x00000044   Code   RO         4607    i.delay_init        delay.o
    0x0800cfd8   0x0800cfd8   0x00000040   Code   RO         4608    i.delay_ms          delay.o
    0x0800d018   0x0800d018   0x00000048   Code   RO         4609    i.delay_us          delay.o
    0x0800d060   0x0800d060   0x00000094   Code   RO         5270    i.eTaskGetState     tasks.o
    0x0800d0f4   0x0800d0f4   0x00000048   Code   RO         8482    i.error_list_display  monitor_task.o
    0x0800d13c   0x0800d13c   0x00000018   Code   RO         8874    i.fabs              m_wm.l(fabs.o)
    0x0800d154   0x0800d154   0x00000020   Code   RO          561    i.freertos_run_tim3_configuration  tim.o
    0x0800d174   0x0800d174   0x0000000c   Code   RO          309    i.getRunTimeCounterValue  freertos.o
    0x0800d180   0x0800d180   0x00000008   Code   RO         8363    i.get_INS_point     ins_task.o
    0x0800d188   0x0800d188   0x000000dc   Code   RO         8364    i.get_angle         ins_task.o
    0x0800d264   0x0800d264   0x0000014c   Code   RO         8365    i.get_angle_and_gyro_value  ins_task.o
    0x0800d3b0   0x0800d3b0   0x0000000c   Code   RO         8540    i.get_fric_mode     shoot_task.o
    0x0800d3bc   0x0800d3bc   0x00000008   Code   RO         6616    i.get_fric_motor1_msg_point  can1_app.o
    0x0800d3c4   0x0800d3c4   0x00000008   Code   RO         6617    i.get_fric_motor2_msg_point  can1_app.o
    0x0800d3cc   0x0800d3cc   0x0000000c   Code   RO         8205    i.get_gimbal_work_mode  gimbal_task.o
    0x0800d3d8   0x0800d3d8   0x0000009e   Code   RO         8541    i.get_mouse_press_msg  shoot_task.o
    0x0800d476   0x0800d476   0x00000002   PAD
    0x0800d478   0x0800d478   0x00000008   Code   RO         6698    i.get_pitch_motor_msg_point  can2_app.o
    0x0800d480   0x0800d480   0x000000d4   Code   RO         8542    i.get_rc_control_msg  shoot_task.o
    0x0800d554   0x0800d554   0x00000008   Code   RO         6539    i.get_rc_data_point  remote_app.o
    0x0800d55c   0x0800d55c   0x000000dc   Code   RO         6540    i.get_remote_data   remote_app.o
    0x0800d638   0x0800d638   0x0000000c   Code   RO         8206    i.get_robot_control_mode  gimbal_task.o
    0x0800d644   0x0800d644   0x0000000c   Code   RO         8207    i.get_robot_work_mode  gimbal_task.o
    0x0800d650   0x0800d650   0x0000000c   Code   RO         8543    i.get_shoot_mode    shoot_task.o
    0x0800d65c   0x0800d65c   0x00000138   Code   RO         8544    i.get_shoot_related_flags  shoot_task.o
    0x0800d794   0x0800d794   0x00000008   Code   RO         6618    i.get_trigger_motor_msg_point  can1_app.o
    0x0800d79c   0x0800d79c   0x00000008   Code   RO         6699    i.get_yaw_motor_msg_point  can2_app.o
    0x0800d7a4   0x0800d7a4   0x0000001a   Code   RO         8208    i.gimbal_abs        gimbal_task.o
    0x0800d7be   0x0800d7be   0x00000002   PAD
    0x0800d7c0   0x0800d7c0   0x000001c0   Code   RO         8209    i.gimbal_cascade_pid_calculate  gimbal_task.o
    0x0800d980   0x0800d980   0x00000054   Code   RO         8210    i.gimbal_control_loop  gimbal_task.o
    0x0800d9d4   0x0800d9d4   0x00000060   Code   RO         8211    i.gimbal_init       gimbal_task.o
    0x0800da34   0x0800da34   0x00000120   Code   RO         6700    i.gimbal_motor_msg_process  can2_app.o
    0x0800db54   0x0800db54   0x00000048   Code   RO         8212    i.gimbal_pid_init   gimbal_task.o
    0x0800db9c   0x0800db9c   0x0000048a   Code   RO         8213    i.gimbal_set_and_fdb_update  gimbal_task.o
    0x0800e026   0x0800e026   0x00000002   PAD
    0x0800e028   0x0800e028   0x00000094   Code   RO         8214    i.gimbal_task       gimbal_task.o
    0x0800e0bc   0x0800e0bc   0x000000b8   Code   RO         8216    i.gimbal_work_mode_update  gimbal_task.o
    0x0800e174   0x0800e174   0x0000012c   Code   RO         8367    i.imu_cali_slove    ins_task.o
    0x0800e2a0   0x0800e2a0   0x00000168   Code   RO         8368    i.imu_cmd_spi_dma   ins_task.o
    0x0800e408   0x0800e408   0x0000000c   Code   RO          563    i.imu_pwm_set       tim.o
    0x0800e414   0x0800e414   0x000000a4   Code   RO         8369    i.imu_temp_control  ins_task.o
    0x0800e4b8   0x0800e4b8   0x00000024   Code   RO         6975    i.invSqrt           mahonyahrs.o
    0x0800e4dc   0x0800e4dc   0x00000044   Code   RO         8483    i.is_lost           monitor_task.o
    0x0800e520   0x0800e520   0x00000058   Code   RO         7734    i.ist8310_GPIO_init  ist8310driver_middleware.o
    0x0800e578   0x0800e578   0x00000028   Code   RO         7736    i.ist8310_IIC_read_single_reg  ist8310driver_middleware.o
    0x0800e5a0   0x0800e5a0   0x00000028   Code   RO         7738    i.ist8310_IIC_write_single_reg  ist8310driver_middleware.o
    0x0800e5c8   0x0800e5c8   0x00000014   Code   RO         7739    i.ist8310_RST_H     ist8310driver_middleware.o
    0x0800e5dc   0x0800e5dc   0x00000014   Code   RO         7740    i.ist8310_RST_L     ist8310driver_middleware.o
    0x0800e5f0   0x0800e5f0   0x00000002   Code   RO         7741    i.ist8310_com_init  ist8310driver_middleware.o
    0x0800e5f2   0x0800e5f2   0x0000000c   Code   RO         7742    i.ist8310_delay_ms  ist8310driver_middleware.o
    0x0800e5fe   0x0800e5fe   0x00000002   PAD
    0x0800e600   0x0800e600   0x00000094   Code   RO         7699    i.ist8310_init      ist8310driver.o
    0x0800e694   0x0800e694   0x0000001c   Code   RO          272    i.led_configuration  gpio.o
    0x0800e6b0   0x0800e6b0   0x00000090   Code   RO           16    i.main              main.o
    0x0800e740   0x0800e740   0x0000007a   Code   RO         8484    i.monitor_process   monitor_task.o
    0x0800e7ba   0x0800e7ba   0x00000002   PAD
    0x0800e7bc   0x0800e7bc   0x000000b0   Code   RO         8485    i.monitor_task      monitor_task.o
    0x0800e86c   0x0800e86c   0x00000138   Code   RO         6701    i.odem_data_process  can2_app.o
    0x0800e9a4   0x0800e9a4   0x000000d4   Code   RO         8121    i.odem_tx           connect_task.o
    0x0800ea78   0x0800ea78   0x0000009c   Code   RO         7855    i.oled_init         oled.o
    0x0800eb14   0x0800eb14   0x0000001e   Code   RO         5879    i.osDelay           cmsis_os2.o
    0x0800eb32   0x0800eb32   0x00000002   PAD
    0x0800eb34   0x0800eb34   0x0000002c   Code   RO         5893    i.osKernelInitialize  cmsis_os2.o
    0x0800eb60   0x0800eb60   0x00000038   Code   RO         5894    i.osKernelLock      cmsis_os2.o
    0x0800eb98   0x0800eb98   0x00000060   Code   RO         5896    i.osKernelStart     cmsis_os2.o
    0x0800ebf8   0x0800ebf8   0x00000044   Code   RO         5897    i.osKernelUnlock    cmsis_os2.o
    0x0800ec3c   0x0800ec3c   0x0000000c   Code   RO         5933    i.osThreadGetId     cmsis_os2.o
    0x0800ec48   0x0800ec48   0x000000b8   Code   RO         5938    i.osThreadNew       cmsis_os2.o
    0x0800ed00   0x0800ed00   0x0000003c   Code   RO         5942    i.osThreadTerminate  cmsis_os2.o
    0x0800ed3c   0x0800ed3c   0x00000030   Code   RO         5271    i.pcTaskGetName     tasks.o
    0x0800ed6c   0x0800ed6c   0x00000088   Code   RO         5272    i.prvAddCurrentTaskToDelayedList  tasks.o
    0x0800edf4   0x0800edf4   0x000000b8   Code   RO         5273    i.prvAddNewTaskToReadyList  tasks.o
    0x0800eeac   0x0800eeac   0x00000074   Code   RO         5692    i.prvCheckForValidListAndQueue  timers.o
    0x0800ef20   0x0800ef20   0x00000048   Code   RO         5274    i.prvCheckTasksWaitingTermination  tasks.o
    0x0800ef68   0x0800ef68   0x0000002a   Code   RO         4859    i.prvCopyDataFromQueue  queue.o
    0x0800ef92   0x0800ef92   0x0000007e   Code   RO         4860    i.prvCopyDataToQueue  queue.o
    0x0800f010   0x0800f010   0x00000050   Code   RO         5275    i.prvDeleteTCB      tasks.o
    0x0800f060   0x0800f060   0x00000028   Code   RO         5693    i.prvGetNextExpireTime  timers.o
    0x0800f088   0x0800f088   0x0000007c   Code   RO         6400    i.prvHeapInit       heap_4.o
    0x0800f104   0x0800f104   0x00000028   Code   RO         5276    i.prvIdleTask       tasks.o
    0x0800f12c   0x0800f12c   0x0000002a   Code   RO         4863    i.prvInitialiseNewQueue  queue.o
    0x0800f156   0x0800f156   0x000000c8   Code   RO         5277    i.prvInitialiseNewTask  tasks.o
    0x0800f21e   0x0800f21e   0x0000005a   Code   RO         5694    i.prvInitialiseNewTimer  timers.o
    0x0800f278   0x0800f278   0x00000068   Code   RO         5278    i.prvInitialiseTaskLists  tasks.o
    0x0800f2e0   0x0800f2e0   0x00000068   Code   RO         6401    i.prvInsertBlockIntoFreeList  heap_4.o
    0x0800f348   0x0800f348   0x00000058   Code   RO         5695    i.prvInsertTimerInActiveList  timers.o
    0x0800f3a0   0x0800f3a0   0x0000001a   Code   RO         4864    i.prvIsQueueEmpty   queue.o
    0x0800f3ba   0x0800f3ba   0x0000001e   Code   RO         4865    i.prvIsQueueFull    queue.o
    0x0800f3d8   0x0800f3d8   0x0000006a   Code   RO         5279    i.prvListTasksWithinSingleList  tasks.o
    0x0800f442   0x0800f442   0x00000002   PAD
    0x0800f444   0x0800f444   0x00000074   Code   RO         5696    i.prvProcessExpiredTimer  timers.o
    0x0800f4b8   0x0800f4b8   0x00000164   Code   RO         5697    i.prvProcessReceivedCommands  timers.o
    0x0800f61c   0x0800f61c   0x00000074   Code   RO         5698    i.prvProcessTimerOrBlockTask  timers.o
    0x0800f690   0x0800f690   0x00000034   Code   RO         5280    i.prvResetNextTaskUnblockTime  tasks.o
    0x0800f6c4   0x0800f6c4   0x0000002c   Code   RO         5699    i.prvSampleTimeNow  timers.o
    0x0800f6f0   0x0800f6f0   0x000000b0   Code   RO         5281    i.prvSearchForNameWithinSingleList  tasks.o
    0x0800f7a0   0x0800f7a0   0x000000a4   Code   RO         5700    i.prvSwitchTimerLists  timers.o
    0x0800f844   0x0800f844   0x00000016   Code   RO         5282    i.prvTaskCheckFreeStackSpace  tasks.o
    0x0800f85a   0x0800f85a   0x00000002   PAD
    0x0800f85c   0x0800f85c   0x00000040   Code   RO         6456    i.prvTaskExitError  port.o
    0x0800f89c   0x0800f89c   0x0000001a   Code   RO         5701    i.prvTimerTask      timers.o
    0x0800f8b6   0x0800f8b6   0x0000007e   Code   RO         4866    i.prvUnlockQueue    queue.o
    0x0800f934   0x0800f934   0x0000002a   Code   RO         5284    i.prvWriteNameToBuffer  tasks.o
    0x0800f95e   0x0800f95e   0x00000002   PAD
    0x0800f960   0x0800f960   0x0000014c   Code   RO         6402    i.pvPortMalloc      heap_4.o
    0x0800faac   0x0800faac   0x0000000c   Code   RO          565    i.pwm1_on           tim.o
    0x0800fab8   0x0800fab8   0x0000002c   Code   RO         6457    i.pxPortInitialiseStack  port.o
    0x0800fae4   0x0800fae4   0x00000030   Code   RO         8218    i.robot_control_mode_update  gimbal_task.o
    0x0800fb14   0x0800fb14   0x000000c8   Code   RO         8219    i.robot_work_mode_update  gimbal_task.o
    0x0800fbdc   0x0800fbdc   0x000000dc   Code   RO         8122    i.send_cmd_to_chassis  connect_task.o
    0x0800fcb8   0x0800fcb8   0x0000008c   Code   RO         8123    i.send_gyro_data_to_chassis  connect_task.o
    0x0800fd44   0x0800fd44   0x00000058   Code   RO         8124    i.send_rc_to_chassis  connect_task.o
    0x0800fd9c   0x0800fd9c   0x0000000c   Code   RO         8545    i.set_fric_mode     shoot_task.o
    0x0800fda8   0x0800fda8   0x0000004c   Code   RO         6702    i.set_gimbal_behaviour  can2_app.o
    0x0800fdf4   0x0800fdf4   0x00000044   Code   RO         6703    i.set_gimbal_stop   can2_app.o
    0x0800fe38   0x0800fe38   0x0000000c   Code   RO         8220    i.set_gimbal_work_mode  gimbal_task.o
    0x0800fe44   0x0800fe44   0x0000000c   Code   RO         8221    i.set_robot_control_mode  gimbal_task.o
    0x0800fe50   0x0800fe50   0x0000000c   Code   RO         8222    i.set_robot_work_mode  gimbal_task.o
    0x0800fe5c   0x0800fe5c   0x00000050   Code   RO         6619    i.set_shoot_behaviour  can1_app.o
    0x0800feac   0x0800feac   0x0000000c   Code   RO         8546    i.set_shoot_mode    shoot_task.o
    0x0800feb8   0x0800feb8   0x0000002a   Code   RO         6704    i.shoot_17mm_mag    can2_app.o
    0x0800fee2   0x0800fee2   0x0000001a   Code   RO         8547    i.shoot_abs         shoot_task.o
    0x0800fefc   0x0800fefc   0x000000d0   Code   RO         8548    i.shoot_cascade_pid_calculate  shoot_task.o
    0x0800ffcc   0x0800ffcc   0x00000038   Code   RO         8549    i.shoot_control_loop  shoot_task.o
    0x08010004   0x08010004   0x000000c4   Code   RO         6790    i.shoot_heat_limit  rule.o
    0x080100c8   0x080100c8   0x00000074   Code   RO         8550    i.shoot_init        shoot_task.o
    0x0801013c   0x0801013c   0x00000048   Code   RO         6705    i.shoot_judge_process  can2_app.o
    0x08010184   0x08010184   0x00000048   Code   RO         6791    i.shoot_limit       rule.o
    0x080101cc   0x080101cc   0x0000009c   Code   RO         8551    i.shoot_magazine_control  shoot_task.o
    0x08010268   0x08010268   0x000000a0   Code   RO         8552    i.shoot_mode_update  shoot_task.o
    0x08010308   0x08010308   0x00000120   Code   RO         6622    i.shoot_motor_msg_process  can1_app.o
    0x08010428   0x08010428   0x00000040   Code   RO         8553    i.shoot_pid_init    shoot_task.o
    0x08010468   0x08010468   0x000000e8   Code   RO         8554    i.shoot_set_and_fdb_update  shoot_task.o
    0x08010550   0x08010550   0x000000a4   Code   RO         6792    i.shoot_speed_limit  rule.o
    0x080105f4   0x080105f4   0x00000074   Code   RO         8555    i.shoot_task        shoot_task.o
    0x08010668   0x08010668   0x0000006e   Code   RO         8906    i.sqrt              m_wm.l(sqrt.o)
    0x080106d6   0x080106d6   0x0000003e   Code   RO         8918    i.sqrtf             m_wm.l(sqrtf.o)
    0x08010714   0x08010714   0x000000d0   Code   RO         8653    i.start_task        start_task.o
    0x080107e4   0x080107e4   0x00000020   Code   RO         8696    i.test_task         test_task.o
    0x08010804   0x08010804   0x00000074   Code   RO         5286    i.ulTaskNotifyTake  tasks.o
    0x08010878   0x08010878   0x00000038   Code   RO          693    i.usart_Receive_DMA  usart.o
    0x080108b0   0x080108b0   0x00000028   Code   RO         4819    i.uxListRemove      list.o
    0x080108d8   0x080108d8   0x000000b4   Code   RO         5291    i.uxTaskGetSystemState  tasks.o
    0x0801098c   0x0801098c   0x00000018   Code   RO         5950    i.vApplicationGetIdleTaskMemory  cmsis_os2.o
    0x080109a4   0x080109a4   0x00000018   Code   RO         5951    i.vApplicationGetTimerTaskMemory  cmsis_os2.o
    0x080109bc   0x080109bc   0x00000002   Code   RO          310    i.vApplicationStackOverflowHook  freertos.o
    0x080109be   0x080109be   0x0000001a   Code   RO         4820    i.vListInitialise   list.o
    0x080109d8   0x080109d8   0x00000006   Code   RO         4821    i.vListInitialiseItem  list.o
    0x080109de   0x080109de   0x00000034   Code   RO         4822    i.vListInsert       list.o
    0x08010a12   0x08010a12   0x00000018   Code   RO         4823    i.vListInsertEnd    list.o
    0x08010a2a   0x08010a2a   0x00000002   PAD
    0x08010a2c   0x08010a2c   0x00000054   Code   RO         6459    i.vPortEnterCritical  port.o
    0x08010a80   0x08010a80   0x0000003c   Code   RO         6460    i.vPortExitCritical  port.o
    0x08010abc   0x08010abc   0x000000a4   Code   RO         6403    i.vPortFree         heap_4.o
    0x08010b60   0x08010b60   0x00000028   Code   RO         6461    i.vPortSetupTimerInterrupt  port.o
    0x08010b88   0x08010b88   0x00000078   Code   RO         6462    i.vPortValidateInterruptPriority  port.o
    0x08010c00   0x08010c00   0x0000002c   Code   RO         4872    i.vQueueAddToRegistry  queue.o
    0x08010c2c   0x08010c2c   0x0000004a   Code   RO         4876    i.vQueueWaitForMessageRestricted  queue.o
    0x08010c76   0x08010c76   0x00000002   PAD
    0x08010c78   0x08010c78   0x0000005c   Code   RO         5296    i.vTaskDelay        tasks.o
    0x08010cd4   0x08010cd4   0x000000d4   Code   RO         5297    i.vTaskDelayUntil   tasks.o
    0x08010da8   0x08010da8   0x000000c8   Code   RO         5298    i.vTaskDelete       tasks.o
    0x08010e70   0x08010e70   0x00000084   Code   RO         5300    i.vTaskGetInfo      tasks.o
    0x08010ef4   0x08010ef4   0x000000c4   Code   RO         5301    i.vTaskGetRunTimeStats  tasks.o
    0x08010fb8   0x08010fb8   0x00000018   Code   RO         5302    i.vTaskInternalSetTimeOutState  tasks.o
    0x08010fd0   0x08010fd0   0x0000000c   Code   RO         5304    i.vTaskMissedYield  tasks.o
    0x08010fdc   0x08010fdc   0x000000ec   Code   RO         5305    i.vTaskNotifyGiveFromISR  tasks.o
    0x080110c8   0x080110c8   0x00000038   Code   RO         5306    i.vTaskPlaceOnEventList  tasks.o
    0x08011100   0x08011100   0x00000040   Code   RO         5307    i.vTaskPlaceOnEventListRestricted  tasks.o
    0x08011140   0x08011140   0x000000bc   Code   RO         5315    i.vTaskStartScheduler  tasks.o
    0x080111fc   0x080111fc   0x00000010   Code   RO         5317    i.vTaskSuspendAll   tasks.o
    0x0801120c   0x0801120c   0x00000104   Code   RO         5318    i.vTaskSwitchContext  tasks.o
    0x08011310   0x08011310   0x00000134   Code   RO         8125    i.vision_tx         connect_task.o
    0x08011444   0x08011444   0x00000168   Code   RO         6463    i.xPortStartScheduler  port.o
    0x080115ac   0x080115ac   0x00000034   Code   RO         6464    i.xPortSysTickHandler  port.o
    0x080115e0   0x080115e0   0x000000e0   Code   RO         4882    i.xQueueGenericCreateStatic  queue.o
    0x080116c0   0x080116c0   0x00000098   Code   RO         4883    i.xQueueGenericReset  queue.o
    0x08011758   0x08011758   0x000001a8   Code   RO         4884    i.xQueueGenericSend  queue.o
    0x08011900   0x08011900   0x000000fc   Code   RO         4885    i.xQueueGenericSendFromISR  queue.o
    0x080119fc   0x080119fc   0x00000168   Code   RO         4894    i.xQueueReceive     queue.o
    0x08011b64   0x08011b64   0x000000a8   Code   RO         5321    i.xTaskCheckForTimeOut  tasks.o
    0x08011c0c   0x08011c0c   0x00000064   Code   RO         5322    i.xTaskCreate       tasks.o
    0x08011c70   0x08011c70   0x000000ba   Code   RO         5323    i.xTaskCreateStatic  tasks.o
    0x08011d2a   0x08011d2a   0x00000002   PAD
    0x08011d2c   0x08011d2c   0x0000000c   Code   RO         5326    i.xTaskGetCurrentTaskHandle  tasks.o
    0x08011d38   0x08011d38   0x000000a4   Code   RO         5327    i.xTaskGetHandle    tasks.o
    0x08011ddc   0x08011ddc   0x00000020   Code   RO         5328    i.xTaskGetSchedulerState  tasks.o
    0x08011dfc   0x08011dfc   0x0000000c   Code   RO         5329    i.xTaskGetTickCount  tasks.o
    0x08011e08   0x08011e08   0x00000144   Code   RO         5331    i.xTaskIncrementTick  tasks.o
    0x08011f4c   0x08011f4c   0x000000a4   Code   RO         5334    i.xTaskPriorityDisinherit  tasks.o
    0x08011ff0   0x08011ff0   0x00000098   Code   RO         5336    i.xTaskRemoveFromEventList  tasks.o
    0x08012088   0x08012088   0x00000104   Code   RO         5337    i.xTaskResumeAll    tasks.o
    0x0801218c   0x0801218c   0x00000036   Code   RO         5708    i.xTimerCreate      timers.o
    0x080121c2   0x080121c2   0x00000002   PAD
    0x080121c4   0x080121c4   0x00000078   Code   RO         5710    i.xTimerCreateTimerTask  timers.o
    0x0801223c   0x0801223c   0x00000084   Code   RO         5711    i.xTimerGenericCommand  timers.o
    0x080122c0   0x080122c0   0x00000018   Code   RO         9004    x$fpl$basic         fz_wm.l(basic.o)
    0x080122d8   0x080122d8   0x00000062   Code   RO         8822    x$fpl$d2f           fz_wm.l(d2f.o)
    0x0801233a   0x0801233a   0x00000002   PAD
    0x0801233c   0x0801233c   0x00000150   Code   RO         8824    x$fpl$dadd          fz_wm.l(daddsub_clz.o)
    0x0801248c   0x0801248c   0x00000010   Code   RO         9115    x$fpl$dcheck1       fz_wm.l(dcheck1.o)
    0x0801249c   0x0801249c   0x00000018   Code   RO         9006    x$fpl$dcmpinf       fz_wm.l(dcmpi.o)
    0x080124b4   0x080124b4   0x000002b0   Code   RO         8831    x$fpl$ddiv          fz_wm.l(ddiv.o)
    0x08012764   0x08012764   0x0000005e   Code   RO         9117    x$fpl$dfix          fz_wm.l(dfix.o)
    0x080127c2   0x080127c2   0x0000002e   Code   RO         8837    x$fpl$dflt          fz_wm.l(dflt_clz.o)
    0x080127f0   0x080127f0   0x00000026   Code   RO         8836    x$fpl$dfltu         fz_wm.l(dflt_clz.o)
    0x08012816   0x08012816   0x00000002   PAD
    0x08012818   0x08012818   0x00000078   Code   RO         8842    x$fpl$dleqf         fz_wm.l(dleqf.o)
    0x08012890   0x08012890   0x00000154   Code   RO         8844    x$fpl$dmul          fz_wm.l(dmul.o)
    0x080129e4   0x080129e4   0x0000009c   Code   RO         9008    x$fpl$dnaninf       fz_wm.l(dnaninf.o)
    0x08012a80   0x08012a80   0x0000000c   Code   RO         9010    x$fpl$dretinf       fz_wm.l(dretinf.o)
    0x08012a8c   0x08012a8c   0x0000006c   Code   RO         9012    x$fpl$drleqf        fz_wm.l(drleqf.o)
    0x08012af8   0x08012af8   0x00000016   Code   RO         8825    x$fpl$drsb          fz_wm.l(daddsub_clz.o)
    0x08012b0e   0x08012b0e   0x00000002   PAD
    0x08012b10   0x08012b10   0x00000198   Code   RO         9014    x$fpl$dsqrt         fz_wm.l(dsqrt_umaal.o)
    0x08012ca8   0x08012ca8   0x000001d4   Code   RO         8826    x$fpl$dsub          fz_wm.l(daddsub_clz.o)
    0x08012e7c   0x08012e7c   0x00000056   Code   RO         8846    x$fpl$f2d           fz_wm.l(f2d.o)
    0x08012ed2   0x08012ed2   0x0000008c   Code   RO         9016    x$fpl$fnaninf       fz_wm.l(fnaninf.o)
    0x08012f5e   0x08012f5e   0x0000000a   Code   RO         9252    x$fpl$fpinit        fz_wm.l(fpinit.o)
    0x08012f68   0x08012f68   0x0000000a   Code   RO         9018    x$fpl$fretinf       fz_wm.l(fretinf.o)
    0x08012f72   0x08012f72   0x00000064   Code   RO         9177    x$fpl$retnan        fz_wm.l(retnan.o)
    0x08012fd6   0x08012fd6   0x0000005c   Code   RO         9028    x$fpl$scalbn        fz_wm.l(scalbn.o)
    0x08013032   0x08013032   0x00000030   Code   RO         9237    x$fpl$trapveneer    fz_wm.l(trapv.o)
    0x08013062   0x08013062   0x00000000   Code   RO         9030    x$fpl$usenofp       fz_wm.l(usenofp.o)
    0x08013062   0x08013062   0x00000002   PAD
    0x08013064   0x08013064   0x00000048   Data   RO          311    .constdata          freertos.o
    0x080130ac   0x080130ac   0x00000008   Data   RO         1756    .constdata          stm32f4xx_hal_dma.o
    0x080130b4   0x080130b4   0x00000018   Data   RO         4656    .constdata          system_stm32f4xx.o
    0x080130cc   0x080130cc   0x00000012   Data   RO         7395    .constdata          bmi088driver.o
    0x080130de   0x080130de   0x0000000c   Data   RO         7702    .constdata          ist8310driver.o
    0x080130ea   0x080130ea   0x00000820   Data   RO         7857    .constdata          oled.o
    0x0801390a   0x0801390a   0x00000002   PAD
    0x0801390c   0x0801390c   0x00000018   Data   RO         8371    .constdata          ins_task.o
    0x08013924   0x08013924   0x00000120   Data   RO         8654    .constdata          start_task.o
    0x08013a44   0x08013a44   0x00000011   Data   RO         8797    .constdata          c_w.l(__printf_flags_ss_wp.o)
    0x08013a55   0x08013a55   0x00000003   PAD
    0x08013a58   0x08013a58   0x00000088   Data   RO         8881    .constdata          m_wm.l(pow.o)
    0x08013ae0   0x08013ae0   0x00000030   Data   RO         9032    .constdata          m_wm.l(cos_i.o)
    0x08013b10   0x08013b10   0x00000008   Data   RO         9068    .constdata          m_wm.l(qnan.o)
    0x08013b18   0x08013b18   0x000000c8   Data   RO         9071    .constdata          m_wm.l(rred.o)
    0x08013be0   0x08013be0   0x00000028   Data   RO         9075    .constdata          m_wm.l(sin_i.o)
    0x08013c08   0x08013c08   0x00000018   Data   RO          312    .conststring        freertos.o
    0x08013c20   0x08013c20   0x00000070   Data   RO         8486    .conststring        monitor_task.o
    0x08013c90   0x08013c90   0x00000068   Data   RO         8655    .conststring        start_task.o
    0x08013cf8   0x08013cf8   0x00000020   Data   RO         9308    Region$$Table       anon$$obj.o


    Execution Region RW_IRAM1 (Exec base: 0x20000000, Load base: 0x08013d18, Size: 0x00008828, Max: 0x0001c000, ABSOLUTE, COMPRESSED[0x00000110])

    Exec Addr    Load Addr    Size         Type   Attr      Idx    E Section Name        Object

    0x20000000   COMPRESSED   0x00000005   Data   RW           17    .data               main.o
    0x20000005   COMPRESSED   0x00000003   PAD
    0x20000008   COMPRESSED   0x00000008   Data   RW          313    .data               freertos.o
    0x20000010   COMPRESSED   0x00000024   Data   RW          374    .data               can.o
    0x20000034   COMPRESSED   0x00000004   PAD
    0x20000038   COMPRESSED   0x00000008   Data   RW          567    .data               tim.o
    0x20000040   COMPRESSED   0x00000018   Data   RW          695    .data               usart.o
    0x20000058   COMPRESSED   0x00000001   Data   RW          810    .data               stm32f4xx_it.o
    0x20000059   COMPRESSED   0x00000003   PAD
    0x2000005c   COMPRESSED   0x00000009   Data   RW         2188    .data               stm32f4xx_hal.o
    0x20000065   COMPRESSED   0x00000001   PAD
    0x20000066   COMPRESSED   0x00000004   Data   RW         4611    .data               delay.o
    0x2000006a   COMPRESSED   0x00000002   PAD
    0x2000006c   COMPRESSED   0x00000004   Data   RW         4657    .data               system_stm32f4xx.o
    0x20000070   COMPRESSED   0x00000044   Data   RW         5340    .data               tasks.o
    0x200000b4   COMPRESSED   0x00000014   Data   RW         5719    .data               timers.o
    0x200000c8   COMPRESSED   0x00000004   Data   RW         5954    .data               cmsis_os2.o
    0x200000cc   COMPRESSED   0x00000020   Data   RW         6409    .data               heap_4.o
    0x200000ec   COMPRESSED   0x0000000c   Data   RW         6465    .data               port.o
    0x200000f8   COMPRESSED   0x0000000d   Data   RW         6707    .data               can2_app.o
    0x20000105   COMPRESSED   0x00000003   PAD
    0x20000108   COMPRESSED   0x00000008   Data   RW         6794    .data               rule.o
    0x20000110   COMPRESSED   0x00000014   Data   RW         6976    .data               mahonyahrs.o
    0x20000124   COMPRESSED   0x00000110   Data   RW         7126    .data               pid.o
    0x20000234   COMPRESSED   0x0000002c   Data   RW         7396    .data               bmi088driver.o
    0x20000260   COMPRESSED   0x00000004   Data   RW         8127    .data               connect_task.o
    0x20000264   COMPRESSED   0x00000125   Data   RW         8225    .data               gimbal_task.o
    0x20000389   COMPRESSED   0x00000003   PAD
    0x2000038c   COMPRESSED   0x000000c8   Data   RW         8372    .data               ins_task.o
    0x20000454   COMPRESSED   0x00000071   Data   RW         8487    .data               monitor_task.o
    0x200004c5   COMPRESSED   0x00000003   PAD
    0x200004c8   COMPRESSED   0x0000002a   Data   RW         8557    .data               shoot_task.o
    0x200004f2   COMPRESSED   0x00000002   PAD
    0x200004f4   COMPRESSED   0x00000020   Data   RW         8656    .data               start_task.o
    0x20000514   COMPRESSED   0x0000000c   Data   RW         8729    .data               adjust_task.o
    0x20000520        -       0x000000d0   Zero   RW          373    .bss                can.o
    0x200005f0        -       0x00000054   Zero   RW          455    .bss                i2c.o
    0x20000644        -       0x00000118   Zero   RW          499    .bss                spi.o
    0x2000075c        -       0x00000120   Zero   RW          566    .bss                tim.o
    0x2000087c        -       0x00000348   Zero   RW          694    .bss                usart.o
    0x20000bc4        -       0x0000000e   Zero   RW          809    .bss                stm32f4xx_it.o
    0x20000bd2   COMPRESSED   0x00000002   PAD
    0x20000bd4        -       0x00000048   Zero   RW          967    .bss                stm32f4xx_hal_timebase_tim.o
    0x20000c1c        -       0x00000040   Zero   RW         4898    .bss                queue.o
    0x20000c5c        -       0x000004c4   Zero   RW         5339    .bss                tasks.o
    0x20001120        -       0x00000118   Zero   RW         5718    .bss                timers.o
    0x20001238        -       0x000006c8   Zero   RW         5953    .bss                cmsis_os2.o
    0x20001900        -       0x00006000   Zero   RW         6408    .bss                heap_4.o
    0x20007900        -       0x0000002c   Zero   RW         6542    .bss                remote_app.o
    0x2000792c        -       0x000000f0   Zero   RW         6623    .bss                can1_app.o
    0x20007a1c        -       0x000000d4   Zero   RW         6706    .bss                can2_app.o
    0x20007af0        -       0x0000000a   Zero   RW         6793    .bss                rule.o
    0x20007afa   COMPRESSED   0x00000002   PAD
    0x20007afc        -       0x00000084   Zero   RW         8126    .bss                connect_task.o
    0x20007b80        -       0x000001a0   Zero   RW         8224    .bss                gimbal_task.o
    0x20007d20        -       0x0000014c   Zero   RW         8370    .bss                ins_task.o
    0x20007e6c        -       0x000001b8   Zero   RW         8556    .bss                shoot_task.o
    0x20008024        -       0x00000190   Zero   RW         8697    .bss                test_task.o
    0x200081b4        -       0x00000014   Zero   RW         8728    .bss                adjust_task.o
    0x200081c8        -       0x00000060   Zero   RW         9122    .bss                c_w.l(libspace.o)
    0x20008228        -       0x00000200   Zero   RW            2    HEAP                startup_stm32f407xx.o
    0x20008428        -       0x00000400   Zero   RW            1    STACK               startup_stm32f407xx.o


    Execution Region RW_IRAM2 (Exec base: 0x2001c000, Load base: 0x08013e28, Size: 0x00000000, Max: 0x00004000, ABSOLUTE)

    **** No section assigned to this execution region ****


==============================================================================

Image component sizes


      Code (inc. data)   RO Data    RW Data    ZI Data      Debug   Object Name

       620         60          0         12         20       2227   adjust_task.o
      2338         40         18         44          0      14827   bmi088driver.o
       290         40          0          0          0       5696   bmi088middleware.o
       700         78          0         36        208       4181   can.o
       496         54          0          0        240       5264   can1_app.o
      1002         94          0         13        212      15180   can2_app.o
       626         38          0          4       1736      53471   cmsis_os2.o
      1134        100          0          4        132      11922   connect_task.o
       204         18          0          4          0       2059   delay.o
       168          6          0          0          0        854   dma.o
         0          0          0          0          0      20756   event_groups.o
       100         32         96          8          0       3485   freertos.o
      2540        304          0        293        416      15735   gimbal_task.o
       516         32          0          0          0       1715   gpio.o
       724         74          0         32      24576       4895   heap_4.o
       260         30          0          0         84       1741   i2c.o
      5474        368         24        200        332      15713   ins_task.o
       148          6         12          0          0       2023   ist8310driver.o
       222         32          0          0          0       4815   ist8310driver_middleware.o
       148          0          0          0          0       3590   list.o
      2264         68          0         20          0       4957   mahonyahrs.o
       394         36          0          5          0     744561   main.o
       490         46        112        113          0       4956   monitor_task.o
       896         48       2080          0          0      15330   oled.o
       434          6          0        272          0       3001   pid.o
      1014         92          0         12          0      11737   port.o
      1922         20          0          0         64      17472   queue.o
       420         16          0          0         44       7675   remote_app.o
       432         60          0          8         10       2488   rule.o
      1864        164          0         42        440      11865   shoot_task.o
     10840        206          0          0        280       7585   spi.o
       208         86        392         32          0       2279   start_task.o
        64         26        392          0       1536        848   startup_stm32f407xx.o
        96         20          0          9          0       8110   stm32f4xx_hal.o
      2134          6          0          0          0      14407   stm32f4xx_hal_can.o
       292         22          0          0          0      34316   stm32f4xx_hal_cortex.o
      1436         16          8          0          0       7066   stm32f4xx_hal_dma.o
       540         50          0          0          0       2759   stm32f4xx_hal_gpio.o
      2856         46          0          0          0      11726   stm32f4xx_hal_i2c.o
        84          6          0          0          0        870   stm32f4xx_hal_msp.o
      1888         94          0          0          0       6313   stm32f4xx_hal_rcc.o
      1078         14          0          0          0       4689   stm32f4xx_hal_spi.o
      2546        172          0          0          0      16691   stm32f4xx_hal_tim.o
       300         30          0          0          0       3341   stm32f4xx_hal_tim_ex.o
       180         18          0          0         72       1479   stm32f4xx_hal_timebase_tim.o
      3154         26          0          0          0      19179   stm32f4xx_hal_uart.o
       452         88          0          1         14      11613   stm32f4xx_it.o
         0          0          0          0          0       8272   stream_buffer.o
        20          6         24          4          0       1139   system_stm32f4xx.o
      4968        548          0         68       1220      41448   tasks.o
        32          6          0          0        400       2951   test_task.o
      1124        120          0          8        288       7765   tim.o
      1462        124          0         20        280      31206   timers.o
      1368        138          0         24        840       8958   usart.o
         0          0          0          0          0        568   user_lib.o

    ----------------------------------------------------------------------
     65034       3830       3192       1312      33448    1269769   Object Totals
         0          0         32          0          0          0   (incl. Generated)
        72          0          2         24          4          0   (incl. Padding)

    ----------------------------------------------------------------------

      Code (inc. data)   RO Data    RW Data    ZI Data      Debug   Library Member Name

        44          6          0          0          0         84   __2sprintf.o
        90          0          0          0          0          0   __dczerorl2.o
         8          0          0          0          0         68   __main.o
       392          4         17          0          0         92   __printf_flags_ss_wp.o
        14          0          0          0          0         68   __printf_wp.o
         0          0          0          0          0          0   __rtentry.o
        12          0          0          0          0          0   __rtentry2.o
         6          0          0          0          0          0   __rtentry4.o
        52          8          0          0          0          0   __scatter.o
        28          0          0          0          0          0   __scatter_zi.o
        48          6          0          0          0         96   _printf_char_common.o
       120         16          0          0          0         92   _printf_dec.o
       178          0          0          0          0         88   _printf_intcommon.o
         0          0          0          0          0          0   _printf_percent.o
         4          0          0          0          0          0   _printf_percent_end.o
         6          0          0          0          0          0   _printf_u.o
        22          0          0          0          0        100   _rserrno.o
        10          0          0          0          0         68   _sputc.o
        16          0          0          0          0         68   aeabi_memset.o
        18          0          0          0          0         80   exit.o
         6          0          0          0          0        152   heapauxi.o
         2          0          0          0          0          0   libinit.o
         6          0          0          0          0          0   libinit2.o
         2          0          0          0          0          0   libshutdown.o
         2          0          0          0          0          0   libshutdown2.o
         8          4          0          0         96         68   libspace.o
       238          0          0          0          0        100   lludivv7m.o
         8          4          0          0          0         68   rt_errno_addr_intlibspace.o
        68          0          0          0          0         68   rt_memclr.o
        78          0          0          0          0         80   rt_memclr_w.o
       138          0          0          0          0         68   rt_memcpy_v6.o
       100          0          0          0          0         80   rt_memcpy_w.o
         2          0          0          0          0          0   rtexit.o
        10          0          0          0          0          0   rtexit2.o
        72          0          0          0          0         80   strcpy.o
        62          0          0          0          0         76   strlen.o
        74          0          0          0          0         80   sys_stackheap_outer.o
         2          0          0          0          0         68   use_no_semi.o
         2          0          0          0          0         68   use_no_semi_2.o
        24          0          0          0          0        164   basic.o
        98          4          0          0          0        140   d2f.o
       826         16          0          0          0        492   daddsub_clz.o
        16          4          0          0          0        116   dcheck1.o
        24          0          0          0          0        116   dcmpi.o
       688        140          0          0          0        256   ddiv.o
        94          4          0          0          0        140   dfix.o
        84          0          0          0          0        232   dflt_clz.o
       120          4          0          0          0        140   dleqf.o
       340         12          0          0          0        152   dmul.o
       156          4          0          0          0        140   dnaninf.o
        12          0          0          0          0        116   dretinf.o
       108          0          0          0          0        128   drleqf.o
       408         56          0          0          0        168   dsqrt_umaal.o
        86          4          0          0          0        132   f2d.o
       140          4          0          0          0        132   fnaninf.o
        10          0          0          0          0        116   fpinit.o
        10          0          0          0          0        116   fretinf.o
       100          0          0          0          0        116   retnan.o
        92          0          0          0          0        116   scalbn.o
        48          0          0          0          0        116   trapv.o
         0          0          0          0          0          0   usenofp.o
       300         42          0          0          0        176   asinf.o
       684         90          0          0          0        208   atan2f.o
       368         46         48          0          0        200   cos_i.o
       184         44          0          0          0        744   dunder.o
        44          0          0          0          0        248   fabs.o
        48          0          0          0          0        124   fpclassify.o
        38          0          0          0          0        116   fpclassifyf.o
        44         12          0          0          0        464   funder.o
       248          0          0          0          0        152   poly.o
      3152        296        136          0          0        352   pow.o
         0          0          8          0          0          0   qnan.o
      1080        142        200          0          0        188   rred.o
       200         20          0          0          0        164   sin.o
       304         24         40          0          0        208   sin_i.o
       232          0          0          0          0        296   sqrt.o
       120          0          0          0          0        272   sqrtf.o

    ----------------------------------------------------------------------
     12498       1016        452          0         96       9216   Library Totals
        20          0          3          0          0          0   (incl. Padding)

    ----------------------------------------------------------------------

      Code (inc. data)   RO Data    RW Data    ZI Data      Debug   Library Name

      1948         48         17          0         96       1960   c_w.l
      3484        252          0          0          0       3344   fz_wm.l
      7046        716        432          0          0       3912   m_wm.l

    ----------------------------------------------------------------------
     12498       1016        452          0         96       9216   Library Totals

    ----------------------------------------------------------------------

==============================================================================


      Code (inc. data)   RO Data    RW Data    ZI Data      Debug   

     77532       4846       3644       1312      33544    1232345   Grand Totals
     77532       4846       3644        272      33544    1232345   ELF Image Totals (compressed)
     77532       4846       3644        272          0          0   ROM Totals

==============================================================================

    Total RO  Size (Code + RO Data)                81176 (  79.27kB)
    Total RW  Size (RW Data + ZI Data)             34856 (  34.04kB)
    Total ROM Size (Code + RO Data + RW Data)      81448 (  79.54kB)

==============================================================================

